[    0.000000] Linux version 5.13.0-41-generic (buildd@lcy02-amd64-017) (gcc (Ubuntu 9.4.0-1ubuntu1~20.04.1) 9.4.0, GNU ld (GNU Binutils for Ubuntu) 2.34) #46~20.04.1-Ubuntu SMP Wed Apr 20 13:16:21 UTC 2022 (Ubuntu 5.13.0-41.46~20.04.1-generic 5.13.19)
[    0.000000] Command line: BOOT_IMAGE=/boot/vmlinuz-5.13.0-41-generic root=UUID=67c01891-80ff-4430-b274-185037e8688f ro quiet splash vt.handoff=7
[    0.000000] KERNEL supported cpus:
[    0.000000]   Intel GenuineIntel
[    0.000000]   AMD AuthenticAMD
[    0.000000]   Hygon HygonGenuine
[    0.000000]   Centaur CentaurHauls
[    0.000000]   zhaoxin   Shanghai  
[    0.000000] x86/fpu: Supporting XSAVE feature 0x001: 'x87 floating point registers'
[    0.000000] x86/fpu: Supporting XSAVE feature 0x002: 'SSE registers'
[    0.000000] x86/fpu: Supporting XSAVE feature 0x004: 'AVX registers'
[    0.000000] x86/fpu: xstate_offset[2]:  576, xstate_sizes[2]:  256
[    0.000000] x86/fpu: Enabled xstate features 0x7, context size is 832 bytes, using 'compacted' format.
[    0.000000] BIOS-provided physical RAM map:
[    0.000000] BIOS-e820: [mem 0x0000000000000000-0x000000000009ffff] usable
[    0.000000] BIOS-e820: [mem 0x00000000000a0000-0x00000000000fffff] reserved
[    0.000000] BIOS-e820: [mem 0x0000000000100000-0x0000000003ffffff] usable
[    0.000000] BIOS-e820: [mem 0x0000000004000000-0x0000000004041fff] ACPI NVS
[    0.000000] BIOS-e820: [mem 0x0000000004042000-0x0000000076cfffff] usable
[    0.000000] BIOS-e820: [mem 0x0000000076d00000-0x0000000076ffffff] reserved
[    0.000000] BIOS-e820: [mem 0x0000000077000000-0x00000000a60a7fff] usable
[    0.000000] BIOS-e820: [mem 0x00000000a60a8000-0x00000000a89f1fff] reserved
[    0.000000] BIOS-e820: [mem 0x00000000a89f2000-0x00000000a8b8bfff] ACPI data
[    0.000000] BIOS-e820: [mem 0x00000000a8b8c000-0x00000000a9109fff] ACPI NVS
[    0.000000] BIOS-e820: [mem 0x00000000a910a000-0x00000000a9b0bfff] reserved
[    0.000000] BIOS-e820: [mem 0x00000000a9b0c000-0x00000000abffffff] usable
[    0.000000] BIOS-e820: [mem 0x00000000ac000000-0x00000000afffffff] reserved
[    0.000000] BIOS-e820: [mem 0x00000000b9800000-0x00000000bb7fffff] reserved
[    0.000000] BIOS-e820: [mem 0x00000000f0200000-0x00000000f21fffff] reserved
[    0.000000] BIOS-e820: [mem 0x00000000f2800000-0x00000000f47fffff] reserved
[    0.000000] BIOS-e820: [mem 0x00000000f4e00000-0x00000000f6dfffff] reserved
[    0.000000] BIOS-e820: [mem 0x00000000fe000000-0x00000000ffffffff] reserved
[    0.000000] BIOS-e820: [mem 0x0000000100000000-0x000000204effffff] usable
[    0.000000] BIOS-e820: [mem 0x000000204f000000-0x000000204fffffff] reserved
[    0.000000] BIOS-e820: [mem 0x0000002050000000-0x000000404fbfffff] usable
[    0.000000] BIOS-e820: [mem 0x000000404fc00000-0x000000404fffffff] reserved
[    0.000000] BIOS-e820: [mem 0x0000010000000000-0x00000100201fffff] reserved
[    0.000000] BIOS-e820: [mem 0x000001dfa0000000-0x000001dfc01fffff] reserved
[    0.000000] BIOS-e820: [mem 0x000002bf40000000-0x000002bf601fffff] reserved
[    0.000000] BIOS-e820: [mem 0x0000039ee0000000-0x0000039f001fffff] reserved
[    0.000000] BIOS-e820: [mem 0x0000047e80000000-0x0000047ea01fffff] reserved
[    0.000000] BIOS-e820: [mem 0x0000055e20000000-0x0000055e401fffff] reserved
[    0.000000] BIOS-e820: [mem 0x0000063dc0000000-0x0000063de01fffff] reserved
[    0.000000] BIOS-e820: [mem 0x0000071d60000000-0x0000071d801fffff] reserved
[    0.000000] NX (Execute Disable) protection: active
[    0.000000] e820: update [mem 0x9f439018-0x9f449857] usable ==> usable
[    0.000000] e820: update [mem 0x9f439018-0x9f449857] usable ==> usable
[    0.000000] extended physical RAM map:
[    0.000000] reserve setup_data: [mem 0x0000000000000000-0x000000000009ffff] usable
[    0.000000] reserve setup_data: [mem 0x00000000000a0000-0x00000000000fffff] reserved
[    0.000000] reserve setup_data: [mem 0x0000000000100000-0x0000000003ffffff] usable
[    0.000000] reserve setup_data: [mem 0x0000000004000000-0x0000000004041fff] ACPI NVS
[    0.000000] reserve setup_data: [mem 0x0000000004042000-0x0000000076cfffff] usable
[    0.000000] reserve setup_data: [mem 0x0000000076d00000-0x0000000076ffffff] reserved
[    0.000000] reserve setup_data: [mem 0x0000000077000000-0x000000009f439017] usable
[    0.000000] reserve setup_data: [mem 0x000000009f439018-0x000000009f449857] usable
[    0.000000] reserve setup_data: [mem 0x000000009f449858-0x00000000a60a7fff] usable
[    0.000000] reserve setup_data: [mem 0x00000000a60a8000-0x00000000a89f1fff] reserved
[    0.000000] reserve setup_data: [mem 0x00000000a89f2000-0x00000000a8b8bfff] ACPI data
[    0.000000] reserve setup_data: [mem 0x00000000a8b8c000-0x00000000a9109fff] ACPI NVS
[    0.000000] reserve setup_data: [mem 0x00000000a910a000-0x00000000a9b0bfff] reserved
[    0.000000] reserve setup_data: [mem 0x00000000a9b0c000-0x00000000abffffff] usable
[    0.000000] reserve setup_data: [mem 0x00000000ac000000-0x00000000afffffff] reserved
[    0.000000] reserve setup_data: [mem 0x00000000b9800000-0x00000000bb7fffff] reserved
[    0.000000] reserve setup_data: [mem 0x00000000f0200000-0x00000000f21fffff] reserved
[    0.000000] reserve setup_data: [mem 0x00000000f2800000-0x00000000f47fffff] reserved
[    0.000000] reserve setup_data: [mem 0x00000000f4e00000-0x00000000f6dfffff] reserved
[    0.000000] reserve setup_data: [mem 0x00000000fe000000-0x00000000ffffffff] reserved
[    0.000000] reserve setup_data: [mem 0x0000000100000000-0x000000204effffff] usable
[    0.000000] reserve setup_data: [mem 0x000000204f000000-0x000000204fffffff] reserved
[    0.000000] reserve setup_data: [mem 0x0000002050000000-0x000000404fbfffff] usable
[    0.000000] reserve setup_data: [mem 0x000000404fc00000-0x000000404fffffff] reserved
[    0.000000] reserve setup_data: [mem 0x0000010000000000-0x00000100201fffff] reserved
[    0.000000] reserve setup_data: [mem 0x000001dfa0000000-0x000001dfc01fffff] reserved
[    0.000000] reserve setup_data: [mem 0x000002bf40000000-0x000002bf601fffff] reserved
[    0.000000] reserve setup_data: [mem 0x0000039ee0000000-0x0000039f001fffff] reserved
[    0.000000] reserve setup_data: [mem 0x0000047e80000000-0x0000047ea01fffff] reserved
[    0.000000] reserve setup_data: [mem 0x0000055e20000000-0x0000055e401fffff] reserved
[    0.000000] reserve setup_data: [mem 0x0000063dc0000000-0x0000063de01fffff] reserved
[    0.000000] reserve setup_data: [mem 0x0000071d60000000-0x0000071d801fffff] reserved
[    0.000000] efi: EFI v2.60 by American Megatrends
[    0.000000] efi: ACPI 2.0=0xa8a45000 ACPI=0xa8a45000 SMBIOS=0xa981c000 SMBIOS 3.0=0xa981b000 ESRT=0xa1d99b18 MEMATTR=0xa1d98018 
[    0.000000] secureboot: Secure boot disabled
[    0.000000] SMBIOS 3.2.1 present.
[    0.000000] DMI: AMD Corporation ETHANOL_X/ETHANOL_X, BIOS WEX9828N 08/27/2019
[    0.000000] tsc: Fast TSC calibration using PIT
[    0.000000] tsc: Detected 2245.972 MHz processor
[    0.000262] e820: update [mem 0x00000000-0x00000fff] usable ==> reserved
[    0.000264] e820: remove [mem 0x000a0000-0x000fffff] usable
[    0.000271] last_pfn = 0x404fc00 max_arch_pfn = 0x400000000
[    0.000926] x86/PAT: Configuration [0-7]: WB  WC  UC- UC  WB  WP  UC- WT  
[    0.001211] x2apic: enabled by BIOS, switching to x2apic ops
[    0.001214] last_pfn = 0xac000 max_arch_pfn = 0x400000000
[    0.005294] found SMP MP-table at [mem 0x000fdb10-0x000fdb1f]
[    0.005309] esrt: Reserving ESRT space from 0x00000000a1d99b18 to 0x00000000a1d99b50.
[    0.005316] e820: update [mem 0xa1d99000-0xa1d99fff] usable ==> reserved
[    0.005333] Using GB pages for direct mapping
[    0.005923] secureboot: Secure boot disabled
[    0.005924] RAMDISK: [mem 0x39156000-0x3ca27fff]
[    0.005931] ACPI: Early table checksum verification disabled
[    0.005935] ACPI: RSDP 0x00000000A8A45000 000024 (v02 AMD   )
[    0.005939] ACPI: XSDT 0x00000000A8A450B8 0000F4 (v01 AMD    EthanolX 03242016 AMI  00010013)
[    0.005944] ACPI: FACP 0x00000000A8A55CD0 000114 (v06 AMD    EthanolX 03242016 AMI  00010013)
[    0.005950] ACPI: DSDT 0x00000000A8A45240 010A8B (v02 AMD    EthanolX 03242016 INTL 20120913)
[    0.005953] ACPI: FACS 0x00000000A90EED80 000040
[    0.005955] ACPI: APIC 0x00000000A8A55DE8 0010B8 (v04 AMD    EthanolX 03242016 AMI  00010013)
[    0.005958] ACPI: FPDT 0x00000000A8A56EA0 000044 (v01 AMD    EthanolX 03242016 AMI  00010013)
[    0.005961] ACPI: FIDT 0x00000000A8A56EE8 00009C (v01 AMD    EthanolX 03242016 AMI  00010013)
[    0.005963] ACPI: SSDT 0x00000000A8A56F88 00094E (v02 AMD    AmdTable 00000002 MSFT 02000002)
[    0.005966] ACPI: SPMI 0x00000000A8A578D8 000041 (v05 AMD    EthanolX 00000000 AMI. 00000000)
[    0.005969] ACPI: SSDT 0x00000000A8A57920 001D2D (v02 AMD    CPUSSDT  03242016 AMI  03242016)
[    0.005972] ACPI: SSDT 0x00000000A8A59650 0030FF (v01 AMD    AMD AFC  00000001 INTL 20120913)
[    0.005974] ACPI: MSDM 0x00000000A8A5C750 000055 (v03 AMD    EthanolX 03242016 AMI  00010013)
[    0.005977] ACPI: MCFG 0x00000000A8A5C7A8 00003C (v01 AMD    EthanolX 03242016 MSFT 00010013)
[    0.005980] ACPI: SSDT 0x00000000A8A5C7E8 000110 (v01 AMD    CPMRAS   00000001 INTL 20120913)
[    0.005983] ACPI: BERT 0x00000000A8A5C8F8 000030 (v01 AMD    EthanolX 00000001 AMD  00000001)
[    0.005985] ACPI: EINJ 0x00000000A8A5C928 000150 (v01 AMD    EthanolX 00000001 AMD  00000001)
[    0.005988] ACPI: HPET 0x00000000A8A5CA78 000038 (v01 AMD    EthanolX 03242016 AMI  00000005)
[    0.005991] ACPI: UEFI 0x00000000A8A5CAB0 000042 (v02 AMD    EthanolX 00000002 AMD  00000001)
[    0.005993] ACPI: IVRS 0x00000000A8A5CAF8 000370 (v02 AMD    AmdTable 00000001 AMD  00000000)
[    0.005996] ACPI: PCCT 0x00000000A8A5CE68 00006E (v02 AMD    AmdTable 00000001 AMD  00000000)
[    0.005998] ACPI: SSDT 0x00000000A8A5CED8 03CB24 (v01 AMD    AmdTable 00000001 AMD  00000001)
[    0.006001] ACPI: SRAT 0x00000000A8A99A00 0018D0 (v03 AMD    AmdTable 00000001 AMD  00000001)
[    0.006004] ACPI: MSCT 0x00000000A8A9B2D0 00004E (v01 AMD    AmdTable 00000000 AMD  00000001)
[    0.006006] ACPI: SLIT 0x00000000A8A9B320 000030 (v01 AMD    AmdTable 00000001 AMD  00000001)
[    0.006009] ACPI: CRAT 0x00000000A8A9B350 00E920 (v01 AMD    AmdTable 00000001 AMD  00000001)
[    0.006012] ACPI: CDIT 0x00000000A8AA9C70 00002C (v01 AMD    AmdTable 00000001 AMD  00000001)
[    0.006014] ACPI: HEST 0x00000000A8AA9CA0 0E0A74 (v01 AMD    EthanolX 00000001 AMD  00000001)
[    0.006017] ACPI: SSDT 0x00000000A8B8A718 0017DC (v01 AMD    CPMCMN   00000001 INTL 20120913)
[    0.006020] ACPI: WSMT 0x00000000A8B8BEF8 000028 (v01 AMD    EthanolX 03242016 AMI  00010013)
[    0.006022] ACPI: Reserving FACP table memory at [mem 0xa8a55cd0-0xa8a55de3]
[    0.006024] ACPI: Reserving DSDT table memory at [mem 0xa8a45240-0xa8a55cca]
[    0.006024] ACPI: Reserving FACS table memory at [mem 0xa90eed80-0xa90eedbf]
[    0.006025] ACPI: Reserving APIC table memory at [mem 0xa8a55de8-0xa8a56e9f]
[    0.006026] ACPI: Reserving FPDT table memory at [mem 0xa8a56ea0-0xa8a56ee3]
[    0.006027] ACPI: Reserving FIDT table memory at [mem 0xa8a56ee8-0xa8a56f83]
[    0.006028] ACPI: Reserving SSDT table memory at [mem 0xa8a56f88-0xa8a578d5]
[    0.006029] ACPI: Reserving SPMI table memory at [mem 0xa8a578d8-0xa8a57918]
[    0.006029] ACPI: Reserving SSDT table memory at [mem 0xa8a57920-0xa8a5964c]
[    0.006030] ACPI: Reserving SSDT table memory at [mem 0xa8a59650-0xa8a5c74e]
[    0.006031] ACPI: Reserving MSDM table memory at [mem 0xa8a5c750-0xa8a5c7a4]
[    0.006032] ACPI: Reserving MCFG table memory at [mem 0xa8a5c7a8-0xa8a5c7e3]
[    0.006033] ACPI: Reserving SSDT table memory at [mem 0xa8a5c7e8-0xa8a5c8f7]
[    0.006034] ACPI: Reserving BERT table memory at [mem 0xa8a5c8f8-0xa8a5c927]
[    0.006035] ACPI: Reserving EINJ table memory at [mem 0xa8a5c928-0xa8a5ca77]
[    0.006035] ACPI: Reserving HPET table memory at [mem 0xa8a5ca78-0xa8a5caaf]
[    0.006036] ACPI: Reserving UEFI table memory at [mem 0xa8a5cab0-0xa8a5caf1]
[    0.006037] ACPI: Reserving IVRS table memory at [mem 0xa8a5caf8-0xa8a5ce67]
[    0.006038] ACPI: Reserving PCCT table memory at [mem 0xa8a5ce68-0xa8a5ced5]
[    0.006039] ACPI: Reserving SSDT table memory at [mem 0xa8a5ced8-0xa8a999fb]
[    0.006040] ACPI: Reserving SRAT table memory at [mem 0xa8a99a00-0xa8a9b2cf]
[    0.006040] ACPI: Reserving MSCT table memory at [mem 0xa8a9b2d0-0xa8a9b31d]
[    0.006041] ACPI: Reserving SLIT table memory at [mem 0xa8a9b320-0xa8a9b34f]
[    0.006042] ACPI: Reserving CRAT table memory at [mem 0xa8a9b350-0xa8aa9c6f]
[    0.006043] ACPI: Reserving CDIT table memory at [mem 0xa8aa9c70-0xa8aa9c9b]
[    0.006044] ACPI: Reserving HEST table memory at [mem 0xa8aa9ca0-0xa8b8a713]
[    0.006045] ACPI: Reserving SSDT table memory at [mem 0xa8b8a718-0xa8b8bef3]
[    0.006046] ACPI: Reserving WSMT table memory at [mem 0xa8b8bef8-0xa8b8bf1f]
[    0.006055] ACPI: Local APIC address 0xfee00000
[    0.006059] Setting APIC routing to cluster x2apic.
[    0.006101] SRAT: PXM 0 -> APIC 0x0000 -> Node 0
[    0.006102] SRAT: PXM 0 -> APIC 0x0001 -> Node 0
[    0.006103] SRAT: PXM 0 -> APIC 0x0002 -> Node 0
[    0.006103] SRAT: PXM 0 -> APIC 0x0003 -> Node 0
[    0.006104] SRAT: PXM 0 -> APIC 0x0004 -> Node 0
[    0.006105] SRAT: PXM 0 -> APIC 0x0005 -> Node 0
[    0.006105] SRAT: PXM 0 -> APIC 0x0006 -> Node 0
[    0.006106] SRAT: PXM 0 -> APIC 0x0007 -> Node 0
[    0.006107] SRAT: PXM 0 -> APIC 0x0008 -> Node 0
[    0.006107] SRAT: PXM 0 -> APIC 0x0009 -> Node 0
[    0.006108] SRAT: PXM 0 -> APIC 0x000a -> Node 0
[    0.006108] SRAT: PXM 0 -> APIC 0x000b -> Node 0
[    0.006109] SRAT: PXM 0 -> APIC 0x000c -> Node 0
[    0.006110] SRAT: PXM 0 -> APIC 0x000d -> Node 0
[    0.006110] SRAT: PXM 0 -> APIC 0x000e -> Node 0
[    0.006111] SRAT: PXM 0 -> APIC 0x000f -> Node 0
[    0.006112] SRAT: PXM 0 -> APIC 0x0010 -> Node 0
[    0.006113] SRAT: PXM 0 -> APIC 0x0011 -> Node 0
[    0.006113] SRAT: PXM 0 -> APIC 0x0012 -> Node 0
[    0.006114] SRAT: PXM 0 -> APIC 0x0013 -> Node 0
[    0.006115] SRAT: PXM 0 -> APIC 0x0014 -> Node 0
[    0.006115] SRAT: PXM 0 -> APIC 0x0015 -> Node 0
[    0.006116] SRAT: PXM 0 -> APIC 0x0016 -> Node 0
[    0.006117] SRAT: PXM 0 -> APIC 0x0017 -> Node 0
[    0.006117] SRAT: PXM 0 -> APIC 0x0018 -> Node 0
[    0.006118] SRAT: PXM 0 -> APIC 0x0019 -> Node 0
[    0.006118] SRAT: PXM 0 -> APIC 0x001a -> Node 0
[    0.006119] SRAT: PXM 0 -> APIC 0x001b -> Node 0
[    0.006120] SRAT: PXM 0 -> APIC 0x001c -> Node 0
[    0.006120] SRAT: PXM 0 -> APIC 0x001d -> Node 0
[    0.006121] SRAT: PXM 0 -> APIC 0x001e -> Node 0
[    0.006122] SRAT: PXM 0 -> APIC 0x001f -> Node 0
[    0.006122] SRAT: PXM 0 -> APIC 0x0020 -> Node 0
[    0.006123] SRAT: PXM 0 -> APIC 0x0021 -> Node 0
[    0.006124] SRAT: PXM 0 -> APIC 0x0022 -> Node 0
[    0.006124] SRAT: PXM 0 -> APIC 0x0023 -> Node 0
[    0.006125] SRAT: PXM 0 -> APIC 0x0024 -> Node 0
[    0.006126] SRAT: PXM 0 -> APIC 0x0025 -> Node 0
[    0.006126] SRAT: PXM 0 -> APIC 0x0026 -> Node 0
[    0.006127] SRAT: PXM 0 -> APIC 0x0027 -> Node 0
[    0.006127] SRAT: PXM 0 -> APIC 0x0028 -> Node 0
[    0.006128] SRAT: PXM 0 -> APIC 0x0029 -> Node 0
[    0.006129] SRAT: PXM 0 -> APIC 0x002a -> Node 0
[    0.006129] SRAT: PXM 0 -> APIC 0x002b -> Node 0
[    0.006130] SRAT: PXM 0 -> APIC 0x002c -> Node 0
[    0.006131] SRAT: PXM 0 -> APIC 0x002d -> Node 0
[    0.006131] SRAT: PXM 0 -> APIC 0x002e -> Node 0
[    0.006132] SRAT: PXM 0 -> APIC 0x002f -> Node 0
[    0.006133] SRAT: PXM 0 -> APIC 0x0030 -> Node 0
[    0.006133] SRAT: PXM 0 -> APIC 0x0031 -> Node 0
[    0.006134] SRAT: PXM 0 -> APIC 0x0032 -> Node 0
[    0.006135] SRAT: PXM 0 -> APIC 0x0033 -> Node 0
[    0.006135] SRAT: PXM 0 -> APIC 0x0034 -> Node 0
[    0.006136] SRAT: PXM 0 -> APIC 0x0035 -> Node 0
[    0.006136] SRAT: PXM 0 -> APIC 0x0036 -> Node 0
[    0.006137] SRAT: PXM 0 -> APIC 0x0037 -> Node 0
[    0.006138] SRAT: PXM 0 -> APIC 0x0038 -> Node 0
[    0.006138] SRAT: PXM 0 -> APIC 0x0039 -> Node 0
[    0.006139] SRAT: PXM 0 -> APIC 0x003a -> Node 0
[    0.006140] SRAT: PXM 0 -> APIC 0x003b -> Node 0
[    0.006140] SRAT: PXM 0 -> APIC 0x003c -> Node 0
[    0.006141] SRAT: PXM 0 -> APIC 0x003d -> Node 0
[    0.006142] SRAT: PXM 0 -> APIC 0x003e -> Node 0
[    0.006142] SRAT: PXM 0 -> APIC 0x003f -> Node 0
[    0.006143] SRAT: PXM 0 -> APIC 0x0040 -> Node 0
[    0.006144] SRAT: PXM 0 -> APIC 0x0041 -> Node 0
[    0.006144] SRAT: PXM 0 -> APIC 0x0042 -> Node 0
[    0.006145] SRAT: PXM 0 -> APIC 0x0043 -> Node 0
[    0.006146] SRAT: PXM 0 -> APIC 0x0044 -> Node 0
[    0.006146] SRAT: PXM 0 -> APIC 0x0045 -> Node 0
[    0.006147] SRAT: PXM 0 -> APIC 0x0046 -> Node 0
[    0.006148] SRAT: PXM 0 -> APIC 0x0047 -> Node 0
[    0.006148] SRAT: PXM 0 -> APIC 0x0048 -> Node 0
[    0.006149] SRAT: PXM 0 -> APIC 0x0049 -> Node 0
[    0.006149] SRAT: PXM 0 -> APIC 0x004a -> Node 0
[    0.006150] SRAT: PXM 0 -> APIC 0x004b -> Node 0
[    0.006151] SRAT: PXM 0 -> APIC 0x004c -> Node 0
[    0.006151] SRAT: PXM 0 -> APIC 0x004d -> Node 0
[    0.006152] SRAT: PXM 0 -> APIC 0x004e -> Node 0
[    0.006153] SRAT: PXM 0 -> APIC 0x004f -> Node 0
[    0.006153] SRAT: PXM 0 -> APIC 0x0050 -> Node 0
[    0.006154] SRAT: PXM 0 -> APIC 0x0051 -> Node 0
[    0.006155] SRAT: PXM 0 -> APIC 0x0052 -> Node 0
[    0.006155] SRAT: PXM 0 -> APIC 0x0053 -> Node 0
[    0.006156] SRAT: PXM 0 -> APIC 0x0054 -> Node 0
[    0.006157] SRAT: PXM 0 -> APIC 0x0055 -> Node 0
[    0.006157] SRAT: PXM 0 -> APIC 0x0056 -> Node 0
[    0.006158] SRAT: PXM 0 -> APIC 0x0057 -> Node 0
[    0.006158] SRAT: PXM 0 -> APIC 0x0058 -> Node 0
[    0.006159] SRAT: PXM 0 -> APIC 0x0059 -> Node 0
[    0.006160] SRAT: PXM 0 -> APIC 0x005a -> Node 0
[    0.006160] SRAT: PXM 0 -> APIC 0x005b -> Node 0
[    0.006161] SRAT: PXM 0 -> APIC 0x005c -> Node 0
[    0.006162] SRAT: PXM 0 -> APIC 0x005d -> Node 0
[    0.006162] SRAT: PXM 0 -> APIC 0x005e -> Node 0
[    0.006163] SRAT: PXM 0 -> APIC 0x005f -> Node 0
[    0.006164] SRAT: PXM 0 -> APIC 0x0060 -> Node 0
[    0.006164] SRAT: PXM 0 -> APIC 0x0061 -> Node 0
[    0.006165] SRAT: PXM 0 -> APIC 0x0062 -> Node 0
[    0.006166] SRAT: PXM 0 -> APIC 0x0063 -> Node 0
[    0.006166] SRAT: PXM 0 -> APIC 0x0064 -> Node 0
[    0.006167] SRAT: PXM 0 -> APIC 0x0065 -> Node 0
[    0.006167] SRAT: PXM 0 -> APIC 0x0066 -> Node 0
[    0.006168] SRAT: PXM 0 -> APIC 0x0067 -> Node 0
[    0.006169] SRAT: PXM 0 -> APIC 0x0068 -> Node 0
[    0.006169] SRAT: PXM 0 -> APIC 0x0069 -> Node 0
[    0.006170] SRAT: PXM 0 -> APIC 0x006a -> Node 0
[    0.006171] SRAT: PXM 0 -> APIC 0x006b -> Node 0
[    0.006171] SRAT: PXM 0 -> APIC 0x006c -> Node 0
[    0.006172] SRAT: PXM 0 -> APIC 0x006d -> Node 0
[    0.006173] SRAT: PXM 0 -> APIC 0x006e -> Node 0
[    0.006173] SRAT: PXM 0 -> APIC 0x006f -> Node 0
[    0.006174] SRAT: PXM 0 -> APIC 0x0070 -> Node 0
[    0.006175] SRAT: PXM 0 -> APIC 0x0071 -> Node 0
[    0.006175] SRAT: PXM 0 -> APIC 0x0072 -> Node 0
[    0.006176] SRAT: PXM 0 -> APIC 0x0073 -> Node 0
[    0.006177] SRAT: PXM 0 -> APIC 0x0074 -> Node 0
[    0.006177] SRAT: PXM 0 -> APIC 0x0075 -> Node 0
[    0.006178] SRAT: PXM 0 -> APIC 0x0076 -> Node 0
[    0.006178] SRAT: PXM 0 -> APIC 0x0077 -> Node 0
[    0.006179] SRAT: PXM 0 -> APIC 0x0078 -> Node 0
[    0.006180] SRAT: PXM 0 -> APIC 0x0079 -> Node 0
[    0.006180] SRAT: PXM 0 -> APIC 0x007a -> Node 0
[    0.006181] SRAT: PXM 0 -> APIC 0x007b -> Node 0
[    0.006182] SRAT: PXM 0 -> APIC 0x007c -> Node 0
[    0.006182] SRAT: PXM 0 -> APIC 0x007d -> Node 0
[    0.006183] SRAT: PXM 0 -> APIC 0x007e -> Node 0
[    0.006184] SRAT: PXM 0 -> APIC 0x007f -> Node 0
[    0.006184] SRAT: PXM 1 -> APIC 0x0080 -> Node 1
[    0.006185] SRAT: PXM 1 -> APIC 0x0081 -> Node 1
[    0.006186] SRAT: PXM 1 -> APIC 0x0082 -> Node 1
[    0.006186] SRAT: PXM 1 -> APIC 0x0083 -> Node 1
[    0.006187] SRAT: PXM 1 -> APIC 0x0084 -> Node 1
[    0.006188] SRAT: PXM 1 -> APIC 0x0085 -> Node 1
[    0.006188] SRAT: PXM 1 -> APIC 0x0086 -> Node 1
[    0.006189] SRAT: PXM 1 -> APIC 0x0087 -> Node 1
[    0.006189] SRAT: PXM 1 -> APIC 0x0088 -> Node 1
[    0.006190] SRAT: PXM 1 -> APIC 0x0089 -> Node 1
[    0.006191] SRAT: PXM 1 -> APIC 0x008a -> Node 1
[    0.006191] SRAT: PXM 1 -> APIC 0x008b -> Node 1
[    0.006192] SRAT: PXM 1 -> APIC 0x008c -> Node 1
[    0.006193] SRAT: PXM 1 -> APIC 0x008d -> Node 1
[    0.006193] SRAT: PXM 1 -> APIC 0x008e -> Node 1
[    0.006194] SRAT: PXM 1 -> APIC 0x008f -> Node 1
[    0.006195] SRAT: PXM 1 -> APIC 0x0090 -> Node 1
[    0.006195] SRAT: PXM 1 -> APIC 0x0091 -> Node 1
[    0.006196] SRAT: PXM 1 -> APIC 0x0092 -> Node 1
[    0.006197] SRAT: PXM 1 -> APIC 0x0093 -> Node 1
[    0.006197] SRAT: PXM 1 -> APIC 0x0094 -> Node 1
[    0.006198] SRAT: PXM 1 -> APIC 0x0095 -> Node 1
[    0.006198] SRAT: PXM 1 -> APIC 0x0096 -> Node 1
[    0.006199] SRAT: PXM 1 -> APIC 0x0097 -> Node 1
[    0.006200] SRAT: PXM 1 -> APIC 0x0098 -> Node 1
[    0.006200] SRAT: PXM 1 -> APIC 0x0099 -> Node 1
[    0.006201] SRAT: PXM 1 -> APIC 0x009a -> Node 1
[    0.006202] SRAT: PXM 1 -> APIC 0x009b -> Node 1
[    0.006202] SRAT: PXM 1 -> APIC 0x009c -> Node 1
[    0.006203] SRAT: PXM 1 -> APIC 0x009d -> Node 1
[    0.006204] SRAT: PXM 1 -> APIC 0x009e -> Node 1
[    0.006204] SRAT: PXM 1 -> APIC 0x009f -> Node 1
[    0.006205] SRAT: PXM 1 -> APIC 0x00a0 -> Node 1
[    0.006206] SRAT: PXM 1 -> APIC 0x00a1 -> Node 1
[    0.006206] SRAT: PXM 1 -> APIC 0x00a2 -> Node 1
[    0.006207] SRAT: PXM 1 -> APIC 0x00a3 -> Node 1
[    0.006208] SRAT: PXM 1 -> APIC 0x00a4 -> Node 1
[    0.006208] SRAT: PXM 1 -> APIC 0x00a5 -> Node 1
[    0.006209] SRAT: PXM 1 -> APIC 0x00a6 -> Node 1
[    0.006210] SRAT: PXM 1 -> APIC 0x00a7 -> Node 1
[    0.006210] SRAT: PXM 1 -> APIC 0x00a8 -> Node 1
[    0.006211] SRAT: PXM 1 -> APIC 0x00a9 -> Node 1
[    0.006211] SRAT: PXM 1 -> APIC 0x00aa -> Node 1
[    0.006212] SRAT: PXM 1 -> APIC 0x00ab -> Node 1
[    0.006213] SRAT: PXM 1 -> APIC 0x00ac -> Node 1
[    0.006213] SRAT: PXM 1 -> APIC 0x00ad -> Node 1
[    0.006214] SRAT: PXM 1 -> APIC 0x00ae -> Node 1
[    0.006215] SRAT: PXM 1 -> APIC 0x00af -> Node 1
[    0.006215] SRAT: PXM 1 -> APIC 0x00b0 -> Node 1
[    0.006216] SRAT: PXM 1 -> APIC 0x00b1 -> Node 1
[    0.006217] SRAT: PXM 1 -> APIC 0x00b2 -> Node 1
[    0.006217] SRAT: PXM 1 -> APIC 0x00b3 -> Node 1
[    0.006218] SRAT: PXM 1 -> APIC 0x00b4 -> Node 1
[    0.006219] SRAT: PXM 1 -> APIC 0x00b5 -> Node 1
[    0.006219] SRAT: PXM 1 -> APIC 0x00b6 -> Node 1
[    0.006220] SRAT: PXM 1 -> APIC 0x00b7 -> Node 1
[    0.006220] SRAT: PXM 1 -> APIC 0x00b8 -> Node 1
[    0.006221] SRAT: PXM 1 -> APIC 0x00b9 -> Node 1
[    0.006222] SRAT: PXM 1 -> APIC 0x00ba -> Node 1
[    0.006222] SRAT: PXM 1 -> APIC 0x00bb -> Node 1
[    0.006223] SRAT: PXM 1 -> APIC 0x00bc -> Node 1
[    0.006224] SRAT: PXM 1 -> APIC 0x00bd -> Node 1
[    0.006224] SRAT: PXM 1 -> APIC 0x00be -> Node 1
[    0.006225] SRAT: PXM 1 -> APIC 0x00bf -> Node 1
[    0.006226] SRAT: PXM 1 -> APIC 0x00c0 -> Node 1
[    0.006226] SRAT: PXM 1 -> APIC 0x00c1 -> Node 1
[    0.006227] SRAT: PXM 1 -> APIC 0x00c2 -> Node 1
[    0.006227] SRAT: PXM 1 -> APIC 0x00c3 -> Node 1
[    0.006228] SRAT: PXM 1 -> APIC 0x00c4 -> Node 1
[    0.006229] SRAT: PXM 1 -> APIC 0x00c5 -> Node 1
[    0.006229] SRAT: PXM 1 -> APIC 0x00c6 -> Node 1
[    0.006230] SRAT: PXM 1 -> APIC 0x00c7 -> Node 1
[    0.006231] SRAT: PXM 1 -> APIC 0x00c8 -> Node 1
[    0.006231] SRAT: PXM 1 -> APIC 0x00c9 -> Node 1
[    0.006232] SRAT: PXM 1 -> APIC 0x00ca -> Node 1
[    0.006233] SRAT: PXM 1 -> APIC 0x00cb -> Node 1
[    0.006233] SRAT: PXM 1 -> APIC 0x00cc -> Node 1
[    0.006234] SRAT: PXM 1 -> APIC 0x00cd -> Node 1
[    0.006235] SRAT: PXM 1 -> APIC 0x00ce -> Node 1
[    0.006235] SRAT: PXM 1 -> APIC 0x00cf -> Node 1
[    0.006236] SRAT: PXM 1 -> APIC 0x00d0 -> Node 1
[    0.006237] SRAT: PXM 1 -> APIC 0x00d1 -> Node 1
[    0.006237] SRAT: PXM 1 -> APIC 0x00d2 -> Node 1
[    0.006238] SRAT: PXM 1 -> APIC 0x00d3 -> Node 1
[    0.006239] SRAT: PXM 1 -> APIC 0x00d4 -> Node 1
[    0.006239] SRAT: PXM 1 -> APIC 0x00d5 -> Node 1
[    0.006240] SRAT: PXM 1 -> APIC 0x00d6 -> Node 1
[    0.006240] SRAT: PXM 1 -> APIC 0x00d7 -> Node 1
[    0.006241] SRAT: PXM 1 -> APIC 0x00d8 -> Node 1
[    0.006242] SRAT: PXM 1 -> APIC 0x00d9 -> Node 1
[    0.006242] SRAT: PXM 1 -> APIC 0x00da -> Node 1
[    0.006243] SRAT: PXM 1 -> APIC 0x00db -> Node 1
[    0.006244] SRAT: PXM 1 -> APIC 0x00dc -> Node 1
[    0.006244] SRAT: PXM 1 -> APIC 0x00dd -> Node 1
[    0.006245] SRAT: PXM 1 -> APIC 0x00de -> Node 1
[    0.006246] SRAT: PXM 1 -> APIC 0x00df -> Node 1
[    0.006246] SRAT: PXM 1 -> APIC 0x00e0 -> Node 1
[    0.006247] SRAT: PXM 1 -> APIC 0x00e1 -> Node 1
[    0.006248] SRAT: PXM 1 -> APIC 0x00e2 -> Node 1
[    0.006248] SRAT: PXM 1 -> APIC 0x00e3 -> Node 1
[    0.006249] SRAT: PXM 1 -> APIC 0x00e4 -> Node 1
[    0.006249] SRAT: PXM 1 -> APIC 0x00e5 -> Node 1
[    0.006250] SRAT: PXM 1 -> APIC 0x00e6 -> Node 1
[    0.006251] SRAT: PXM 1 -> APIC 0x00e7 -> Node 1
[    0.006251] SRAT: PXM 1 -> APIC 0x00e8 -> Node 1
[    0.006252] SRAT: PXM 1 -> APIC 0x00e9 -> Node 1
[    0.006253] SRAT: PXM 1 -> APIC 0x00ea -> Node 1
[    0.006253] SRAT: PXM 1 -> APIC 0x00eb -> Node 1
[    0.006254] SRAT: PXM 1 -> APIC 0x00ec -> Node 1
[    0.006255] SRAT: PXM 1 -> APIC 0x00ed -> Node 1
[    0.006255] SRAT: PXM 1 -> APIC 0x00ee -> Node 1
[    0.006256] SRAT: PXM 1 -> APIC 0x00ef -> Node 1
[    0.006257] SRAT: PXM 1 -> APIC 0x00f0 -> Node 1
[    0.006257] SRAT: PXM 1 -> APIC 0x00f1 -> Node 1
[    0.006258] SRAT: PXM 1 -> APIC 0x00f2 -> Node 1
[    0.006258] SRAT: PXM 1 -> APIC 0x00f3 -> Node 1
[    0.006259] SRAT: PXM 1 -> APIC 0x00f4 -> Node 1
[    0.006260] SRAT: PXM 1 -> APIC 0x00f5 -> Node 1
[    0.006260] SRAT: PXM 1 -> APIC 0x00f6 -> Node 1
[    0.006261] SRAT: PXM 1 -> APIC 0x00f7 -> Node 1
[    0.006262] SRAT: PXM 1 -> APIC 0x00f8 -> Node 1
[    0.006262] SRAT: PXM 1 -> APIC 0x00f9 -> Node 1
[    0.006263] SRAT: PXM 1 -> APIC 0x00fa -> Node 1
[    0.006264] SRAT: PXM 1 -> APIC 0x00fb -> Node 1
[    0.006264] SRAT: PXM 1 -> APIC 0x00fc -> Node 1
[    0.006265] SRAT: PXM 1 -> APIC 0x00fd -> Node 1
[    0.006266] SRAT: PXM 1 -> APIC 0x00fe -> Node 1
[    0.006266] SRAT: PXM 1 -> APIC 0x00ff -> Node 1
[    0.006269] ACPI: SRAT: Node 0 PXM 0 [mem 0x00000000-0x0009ffff]
[    0.006270] ACPI: SRAT: Node 0 PXM 0 [mem 0x000c0000-0xafffffff]
[    0.006271] ACPI: SRAT: Node 0 PXM 0 [mem 0x100000000-0x204fffffff]
[    0.006273] ACPI: SRAT: Node 1 PXM 1 [mem 0x2050000000-0x404fffffff]
[    0.006279] NUMA: Initialized distance table, cnt=2
[    0.006281] NUMA: Node 0 [mem 0x00000000-0x0009ffff] + [mem 0x000c0000-0xafffffff] -> [mem 0x00000000-0xafffffff]
[    0.006282] NUMA: Node 0 [mem 0x00000000-0xafffffff] + [mem 0x100000000-0x204fffffff] -> [mem 0x00000000-0x204fffffff]
[    0.006291] NODE_DATA(0) allocated [mem 0x204efd6000-0x204effffff]
[    0.006302] NODE_DATA(1) allocated [mem 0x404fbd5000-0x404fbfefff]
[    0.006706] Zone ranges:
[    0.006707]   DMA      [mem 0x0000000000001000-0x0000000000ffffff]
[    0.006709]   DMA32    [mem 0x0000000001000000-0x00000000ffffffff]
[    0.006710]   Normal   [mem 0x0000000100000000-0x000000404fbfffff]
[    0.006711]   Device   empty
[    0.006712] Movable zone start for each node
[    0.006714] Early memory node ranges
[    0.006714]   node   0: [mem 0x0000000000001000-0x000000000009ffff]
[    0.006716]   node   0: [mem 0x0000000000100000-0x0000000003ffffff]
[    0.006717]   node   0: [mem 0x0000000004042000-0x0000000076cfffff]
[    0.006718]   node   0: [mem 0x0000000077000000-0x00000000a60a7fff]
[    0.006718]   node   0: [mem 0x00000000a9b0c000-0x00000000abffffff]
[    0.006719]   node   0: [mem 0x0000000100000000-0x000000204effffff]
[    0.006726]   node   1: [mem 0x0000002050000000-0x000000404fbfffff]
[    0.006734] Initmem setup node 0 [mem 0x0000000000001000-0x000000204effffff]
[    0.006736] On node 0 totalpages: 33518073
[    0.006737]   DMA zone: 64 pages used for memmap
[    0.006738]   DMA zone: 159 pages reserved
[    0.006739]   DMA zone: 3999 pages, LIFO batch:0
[    0.006740]   DMA32 zone: 10698 pages used for memmap
[    0.006740]   DMA32 zone: 684634 pages, LIFO batch:63
[    0.006741]   Normal zone: 512960 pages used for memmap
[    0.006742]   Normal zone: 32829440 pages, LIFO batch:63
[    0.006743] Initmem setup node 1 [mem 0x0000002050000000-0x000000404fbfffff]
[    0.006745] On node 1 totalpages: 33553408
[    0.006745]   Normal zone: 524272 pages used for memmap
[    0.006746]   Normal zone: 33553408 pages, LIFO batch:63
[    0.006748] On node 0, zone DMA: 1 pages in unavailable ranges
[    0.006767] On node 0, zone DMA: 96 pages in unavailable ranges
[    0.009017] On node 0, zone DMA32: 66 pages in unavailable ranges
[    0.009985] On node 0, zone DMA32: 768 pages in unavailable ranges
[    0.010145] On node 0, zone DMA32: 14948 pages in unavailable ranges
[    0.172481] On node 0, zone Normal: 16384 pages in unavailable ranges
[    0.437491] On node 1, zone Normal: 4096 pages in unavailable ranges
[    0.437505] On node 1, zone Normal: 1024 pages in unavailable ranges
[    0.437705] ACPI: PM-Timer IO Port: 0x808
[    0.437707] ACPI: Local APIC address 0xfee00000
[    0.437745] ACPI: X2APIC_NMI (uid[0xff] high edge lint[0x1])
[    0.437762] IOAPIC[0]: apic_id 240, version 33, address 0xfec00000, GSI 0-23
[    0.437768] IOAPIC[1]: apic_id 241, version 33, address 0xbaa80000, GSI 24-55
[    0.437774] IOAPIC[2]: apic_id 242, version 33, address 0xf4f80000, GSI 56-87
[    0.437780] IOAPIC[3]: apic_id 243, version 33, address 0xf3980000, GSI 88-119
[    0.437785] IOAPIC[4]: apic_id 244, version 33, address 0xf5f80000, GSI 120-151
[    0.437792] IOAPIC[5]: apic_id 245, version 33, address 0xb9a80000, GSI 152-183
[    0.437798] IOAPIC[6]: apic_id 246, version 33, address 0xf2980000, GSI 184-215
[    0.437804] IOAPIC[7]: apic_id 247, version 33, address 0xf1380000, GSI 216-247
[    0.437811] IOAPIC[8]: apic_id 248, version 33, address 0xf0480000, GSI 248-279
[    0.437813] ACPI: INT_SRC_OVR (bus 0 bus_irq 0 global_irq 2 dfl dfl)
[    0.437816] ACPI: INT_SRC_OVR (bus 0 bus_irq 9 global_irq 9 low level)
[    0.437818] ACPI: IRQ0 used by override.
[    0.437819] ACPI: IRQ9 used by override.
[    0.437821] Using ACPI (MADT) for SMP configuration information
[    0.437823] ACPI: HPET id: 0x10228201 base: 0xfed00000
[    0.437829] smpboot: Allowing 256 CPUs, 0 hotplug CPUs
[    0.437863] PM: hibernation: Registered nosave memory: [mem 0x00000000-0x00000fff]
[    0.437865] PM: hibernation: Registered nosave memory: [mem 0x000a0000-0x000fffff]
[    0.437866] PM: hibernation: Registered nosave memory: [mem 0x04000000-0x04041fff]
[    0.437868] PM: hibernation: Registered nosave memory: [mem 0x76d00000-0x76ffffff]
[    0.437870] PM: hibernation: Registered nosave memory: [mem 0x9f439000-0x9f439fff]
[    0.437872] PM: hibernation: Registered nosave memory: [mem 0x9f449000-0x9f449fff]
[    0.437873] PM: hibernation: Registered nosave memory: [mem 0xa1d99000-0xa1d99fff]
[    0.437875] PM: hibernation: Registered nosave memory: [mem 0xa60a8000-0xa89f1fff]
[    0.437876] PM: hibernation: Registered nosave memory: [mem 0xa89f2000-0xa8b8bfff]
[    0.437876] PM: hibernation: Registered nosave memory: [mem 0xa8b8c000-0xa9109fff]
[    0.437877] PM: hibernation: Registered nosave memory: [mem 0xa910a000-0xa9b0bfff]
[    0.437879] PM: hibernation: Registered nosave memory: [mem 0xac000000-0xafffffff]
[    0.437879] PM: hibernation: Registered nosave memory: [mem 0xb0000000-0xb97fffff]
[    0.437880] PM: hibernation: Registered nosave memory: [mem 0xb9800000-0xbb7fffff]
[    0.437880] PM: hibernation: Registered nosave memory: [mem 0xbb800000-0xf01fffff]
[    0.437881] PM: hibernation: Registered nosave memory: [mem 0xf0200000-0xf21fffff]
[    0.437882] PM: hibernation: Registered nosave memory: [mem 0xf2200000-0xf27fffff]
[    0.437882] PM: hibernation: Registered nosave memory: [mem 0xf2800000-0xf47fffff]
[    0.437883] PM: hibernation: Registered nosave memory: [mem 0xf4800000-0xf4dfffff]
[    0.437884] PM: hibernation: Registered nosave memory: [mem 0xf4e00000-0xf6dfffff]
[    0.437884] PM: hibernation: Registered nosave memory: [mem 0xf6e00000-0xfdffffff]
[    0.437885] PM: hibernation: Registered nosave memory: [mem 0xfe000000-0xffffffff]
[    0.437886] PM: hibernation: Registered nosave memory: [mem 0x204f000000-0x204fffffff]
[    0.437888] [mem 0xbb800000-0xf01fffff] available for PCI devices
[    0.437890] Booting paravirtualized kernel on bare hardware
[    0.437893] clocksource: refined-jiffies: mask: 0xffffffff max_cycles: 0xffffffff, max_idle_ns: 7645519600211568 ns
[    0.437902] setup_percpu: NR_CPUS:8192 nr_cpumask_bits:256 nr_cpu_ids:256 nr_node_ids:2
[    0.458629] percpu: Embedded 65 pages/cpu s229376 r8192 d28672 u524288
[    0.458648] pcpu-alloc: s229376 r8192 d28672 u524288 alloc=1*2097152
[    0.458651] pcpu-alloc: [0] 000 001 002 003 [0] 004 005 006 007 
[    0.458656] pcpu-alloc: [0] 008 009 010 011 [0] 012 013 014 015 
[    0.458661] pcpu-alloc: [0] 016 017 018 019 [0] 020 021 022 023 
[    0.458665] pcpu-alloc: [0] 024 025 026 027 [0] 028 029 030 031 
[    0.458670] pcpu-alloc: [0] 032 033 034 035 [0] 036 037 038 039 
[    0.458674] pcpu-alloc: [0] 040 041 042 043 [0] 044 045 046 047 
[    0.458679] pcpu-alloc: [0] 048 049 050 051 [0] 052 053 054 055 
[    0.458683] pcpu-alloc: [0] 056 057 058 059 [0] 060 061 062 063 
[    0.458688] pcpu-alloc: [0] 128 129 130 131 [0] 132 133 134 135 
[    0.458692] pcpu-alloc: [0] 136 137 138 139 [0] 140 141 142 143 
[    0.458697] pcpu-alloc: [0] 144 145 146 147 [0] 148 149 150 151 
[    0.458701] pcpu-alloc: [0] 152 153 154 155 [0] 156 157 158 159 
[    0.458706] pcpu-alloc: [0] 160 161 162 163 [0] 164 165 166 167 
[    0.458710] pcpu-alloc: [0] 168 169 170 171 [0] 172 173 174 175 
[    0.458715] pcpu-alloc: [0] 176 177 178 179 [0] 180 181 182 183 
[    0.458719] pcpu-alloc: [0] 184 185 186 187 [0] 188 189 190 191 
[    0.458724] pcpu-alloc: [1] 064 065 066 067 [1] 068 069 070 071 
[    0.458728] pcpu-alloc: [1] 072 073 074 075 [1] 076 077 078 079 
[    0.458733] pcpu-alloc: [1] 080 081 082 083 [1] 084 085 086 087 
[    0.458737] pcpu-alloc: [1] 088 089 090 091 [1] 092 093 094 095 
[    0.458742] pcpu-alloc: [1] 096 097 098 099 [1] 100 101 102 103 
[    0.458746] pcpu-alloc: [1] 104 105 106 107 [1] 108 109 110 111 
[    0.458751] pcpu-alloc: [1] 112 113 114 115 [1] 116 117 118 119 
[    0.458755] pcpu-alloc: [1] 120 121 122 123 [1] 124 125 126 127 
[    0.458760] pcpu-alloc: [1] 192 193 194 195 [1] 196 197 198 199 
[    0.458764] pcpu-alloc: [1] 200 201 202 203 [1] 204 205 206 207 
[    0.458769] pcpu-alloc: [1] 208 209 210 211 [1] 212 213 214 215 
[    0.458773] pcpu-alloc: [1] 216 217 218 219 [1] 220 221 222 223 
[    0.458778] pcpu-alloc: [1] 224 225 226 227 [1] 228 229 230 231 
[    0.458782] pcpu-alloc: [1] 232 233 234 235 [1] 236 237 238 239 
[    0.458787] pcpu-alloc: [1] 240 241 242 243 [1] 244 245 246 247 
[    0.458791] pcpu-alloc: [1] 248 249 250 251 [1] 252 253 254 255 
[    0.458889] Built 2 zonelists, mobility grouping on.  Total pages: 66023328
[    0.458891] Policy zone: Normal
[    0.458892] Kernel command line: BOOT_IMAGE=/boot/vmlinuz-5.13.0-41-generic root=UUID=67c01891-80ff-4430-b274-185037e8688f ro quiet splash vt.handoff=7
[    0.459016] printk: log_buf_len individual max cpu contribution: 4096 bytes
[    0.459017] printk: log_buf_len total cpu_extra contributions: 1044480 bytes
[    0.459018] printk: log_buf_len min size: 262144 bytes
[    0.460513] printk: log_buf_len: 2097152 bytes
[    0.460513] printk: early log buf free: 229080(87%)
[    0.463435] mem auto-init: stack:off, heap alloc:on, heap free:off
[    0.885388] Memory: 263742420K/268285924K available (16393K kernel code, 3512K rwdata, 10500K rodata, 2900K init, 5728K bss, 4543244K reserved, 0K cma-reserved)
[    0.885397] random: get_random_u64 called from __kmem_cache_create+0x2d/0x440 with crng_init=0
[    0.886522] SLUB: HWalign=64, Order=0-3, MinObjects=0, CPUs=256, Nodes=2
[    0.886574] ftrace: allocating 49272 entries in 193 pages
[    0.902859] ftrace: allocated 193 pages with 3 groups
[    0.904194] rcu: Hierarchical RCU implementation.
[    0.904195] rcu: 	RCU restricting CPUs from NR_CPUS=8192 to nr_cpu_ids=256.
[    0.904196] 	Rude variant of Tasks RCU enabled.
[    0.904196] 	Tracing variant of Tasks RCU enabled.
[    0.904197] rcu: RCU calculated value of scheduler-enlistment delay is 26 jiffies.
[    0.904198] rcu: Adjusting geometry for rcu_fanout_leaf=16, nr_cpu_ids=256
[    0.907808] NR_IRQS: 524544, nr_irqs: 6824, preallocated irqs: 16
[    0.908916] random: crng done (trusting CPU's manufacturer)
[    0.909276] vt handoff: transparent VT on vt#7
[    0.909281] Console: colour dummy device 80x25
[    0.909307] printk: console [tty0] enabled
[    0.909595] mempolicy: Enabling automatic NUMA balancing. Configure with numa_balancing= or the kernel.numa_balancing sysctl
[    0.909597] ACPI: Core revision 20210331
[    0.910559] clocksource: hpet: mask: 0xffffffff max_cycles: 0xffffffff, max_idle_ns: 133484873504 ns
[    0.910580] APIC: Switch to symmetric I/O mode setup
[    0.915032] ..TIMER: vector=0x30 apic1=0 pin1=2 apic2=-1 pin2=-1
[    0.934590] clocksource: tsc-early: mask: 0xffffffffffffffff max_cycles: 0x205fd6f8494, max_idle_ns: 440795253496 ns
[    0.934594] Calibrating delay loop (skipped), value calculated using timer frequency.. 4491.94 BogoMIPS (lpj=8983888)
[    0.934596] pid_max: default: 262144 minimum: 2048
[    0.937559] LSM: Security Framework initializing
[    0.937594] Yama: becoming mindful.
[    0.937639] AppArmor: AppArmor initialized
[    0.948665] Dentry cache hash table entries: 16777216 (order: 15, 134217728 bytes, vmalloc)
[    0.954224] Inode-cache hash table entries: 8388608 (order: 14, 67108864 bytes, vmalloc)
[    0.954478] Mount-cache hash table entries: 262144 (order: 9, 2097152 bytes, vmalloc)
[    0.954650] Mountpoint-cache hash table entries: 262144 (order: 9, 2097152 bytes, vmalloc)
[    0.955685] x86/cpu: User Mode Instruction Prevention (UMIP) activated
[    0.955864] LVT offset 2 assigned for vector 0xf4
[    0.955900] Last level iTLB entries: 4KB 1024, 2MB 1024, 4MB 512
[    0.955901] Last level dTLB entries: 4KB 2048, 2MB 2048, 4MB 1024, 1GB 0
[    0.955905] Spectre V1 : Mitigation: usercopy/swapgs barriers and __user pointer sanitization
[    0.955906] Spectre V2 : Mitigation: Retpolines
[    0.955907] Spectre V2 : Spectre v2 / SpectreRSB mitigation: Filling RSB on context switch
[    0.955908] Spectre V2 : Enabling Restricted Speculation for firmware calls
[    0.955909] Spectre V2 : mitigation: Enabling conditional Indirect Branch Prediction Barrier
[    0.955910] Spectre V2 : User space: Mitigation: STIBP via seccomp and prctl
[    0.955911] Speculative Store Bypass: Mitigation: Speculative Store Bypass disabled via prctl and seccomp
[    0.959999] Freeing SMP alternatives memory: 40K
[    1.072983] smpboot: CPU0: AMD EPYC 7742 64-Core Processor (family: 0x17, model: 0x31, stepping: 0x0)
[    1.073424] Performance Events: Fam17h+ core perfctr, AMD PMU driver.
[    1.073429] ... version:                0
[    1.073430] ... bit width:              48
[    1.073430] ... generic registers:      6
[    1.073431] ... value mask:             0000ffffffffffff
[    1.073432] ... max period:             00007fffffffffff
[    1.073432] ... fixed-purpose events:   0
[    1.073433] ... event mask:             000000000000003f
[    1.073697] rcu: Hierarchical SRCU implementation.
[    1.074174] NMI watchdog: Enabled. Permanently consumes one hw-PMU counter.
[    1.074592] smp: Bringing up secondary CPUs ...
[    1.074592] x86: Booting SMP configuration:
[    1.074592] .... node  #0, CPUs:          #1   #2   #3   #4   #5   #6   #7   #8   #9  #10  #11  #12  #13  #14  #15  #16  #17  #18  #19  #20  #21  #22  #23  #24  #25  #26  #27  #28  #29  #30  #31  #32  #33  #34  #35  #36  #37  #38  #39  #40  #41  #42  #43  #44  #45  #46  #47  #48  #49  #50  #51  #52  #53  #54  #55  #56  #57  #58  #59  #60  #61  #62  #63
[    1.236998] .... node  #1, CPUs:    #64  #65  #66  #67  #68  #69  #70  #71  #72  #73  #74  #75  #76  #77  #78  #79  #80  #81  #82  #83  #84  #85  #86  #87  #88  #89  #90  #91  #92  #93  #94  #95  #96  #97  #98  #99 #100 #101 #102 #103 #104 #105 #106 #107 #108 #109 #110 #111 #112 #113 #114 #115 #116 #117 #118 #119 #120 #121 #122 #123 #124 #125 #126 #127
[    1.462892] .... node  #0, CPUs:   #128 #129 #130 #131 #132 #133 #134 #135 #136 #137 #138 #139 #140 #141 #142 #143 #144 #145 #146 #147 #148 #149 #150 #151 #152 #153 #154 #155 #156 #157 #158 #159 #160 #161 #162 #163 #164 #165 #166 #167 #168 #169 #170 #171 #172 #173 #174 #175 #176 #177 #178 #179 #180 #181 #182 #183 #184 #185 #186 #187 #188 #189 #190 #191
[    1.638883] .... node  #1, CPUs:   #192 #193 #194 #195 #196 #197 #198 #199 #200 #201 #202 #203 #204 #205 #206 #207 #208 #209 #210 #211 #212 #213 #214 #215 #216 #217 #218 #219 #220 #221 #222 #223 #224 #225 #226 #227 #228 #229 #230 #231 #232 #233 #234 #235 #236 #237 #238 #239 #240 #241 #242 #243 #244 #245 #246 #247 #248 #249 #250 #251 #252 #253 #254 #255
[    1.827206] smp: Brought up 2 nodes, 256 CPUs
[    1.827209] smpboot: Max logical packages: 2
[    1.827225] smpboot: Total of 256 processors activated (1145918.46 BogoMIPS)
[    1.924660] devtmpfs: initialized
[    1.924660] x86/mm: Memory block size: 2048MB
[    1.924660] PM: Registering ACPI NVS region [mem 0x04000000-0x04041fff] (270336 bytes)
[    1.924660] PM: Registering ACPI NVS region [mem 0xa8b8c000-0xa9109fff] (5758976 bytes)
[    1.926657] clocksource: jiffies: mask: 0xffffffff max_cycles: 0xffffffff, max_idle_ns: 7645041785100000 ns
[    1.926988] futex hash table entries: 65536 (order: 10, 4194304 bytes, vmalloc)
[    1.927786] pinctrl core: initialized pinctrl subsystem
[    1.927929] PM: RTC time: 06:00:17, date: 2022-05-19
[    1.928480] NET: Registered protocol family 16
[    1.929020] DMA: preallocated 4096 KiB GFP_KERNEL pool for atomic allocations
[    1.929256] DMA: preallocated 4096 KiB GFP_KERNEL|GFP_DMA pool for atomic allocations
[    1.929502] DMA: preallocated 4096 KiB GFP_KERNEL|GFP_DMA32 pool for atomic allocations
[    1.929514] audit: initializing netlink subsys (disabled)
[    1.929528] audit: type=2000 audit(1652940017.016:1): state=initialized audit_enabled=0 res=1
[    1.929528] thermal_sys: Registered thermal governor 'fair_share'
[    1.929528] thermal_sys: Registered thermal governor 'bang_bang'
[    1.929528] thermal_sys: Registered thermal governor 'step_wise'
[    1.929528] thermal_sys: Registered thermal governor 'user_space'
[    1.929528] thermal_sys: Registered thermal governor 'power_allocator'
[    1.929528] EISA bus registered
[    1.929528] cpuidle: using governor ladder
[    1.929528] cpuidle: using governor menu
[    1.929528] Detected 1 PCC Subspaces
[    1.929528] Registering PCC driver as Mailbox controller
[    1.930658] ACPI: bus type PCI registered
[    1.930660] acpiphp: ACPI Hot Plug PCI Controller Driver version: 0.5
[    1.930917] PCI: MMCONFIG for domain 0000 [bus 00-ff] at [mem 0xe0000000-0xefffffff] (base 0xe0000000)
[    1.930922] PCI: not using MMCONFIG
[    1.930926] PCI: Using configuration type 1 for base access
[    1.930927] PCI: Using configuration type 1 for extended access
[    1.942345] Kprobes globally optimized
[    1.942789] HugeTLB registered 1.00 GiB page size, pre-allocated 0 pages
[    1.942789] HugeTLB registered 2.00 MiB page size, pre-allocated 0 pages
[    1.947042] ACPI: Added _OSI(Module Device)
[    1.947043] ACPI: Added _OSI(Processor Device)
[    1.947044] ACPI: Added _OSI(3.0 _SCP Extensions)
[    1.947045] ACPI: Added _OSI(Processor Aggregator Device)
[    1.947046] ACPI: Added _OSI(Linux-Dell-Video)
[    1.947047] ACPI: Added _OSI(Linux-Lenovo-NV-HDMI-Audio)
[    1.947047] ACPI: Added _OSI(Linux-HPI-Hybrid-Graphics)
[    1.991129] ACPI: 7 ACPI AML tables successfully acquired and loaded
[    2.009615] ACPI: Interpreter enabled
[    2.009629] ACPI: (supports S0 S5)
[    2.009631] ACPI: Using IOAPIC for interrupt routing
[    2.010021] PCI: MMCONFIG for domain 0000 [bus 00-ff] at [mem 0xe0000000-0xefffffff] (base 0xe0000000)
[    2.010138] PCI: MMCONFIG at [mem 0xe0000000-0xefffffff] reserved in ACPI motherboard resources
[    2.597652] HEST: Table parsing has been initialized.
[    2.597660] PCI: Using host bridge windows from ACPI; if necessary, use "pci=nocrs" and report a bug
[    2.602545] ACPI: Enabled 3 GPEs in block 00 to 1F
[    2.603825] ACPI: PM: Power Resource [P0SA] (off)
[    2.603848] ACPI: PM: Power Resource [P3SA] (off)
[    2.604211] ACPI: PM: Power Resource [P0SA] (off)
[    2.604230] ACPI: PM: Power Resource [P3SA] (off)
[    2.605369] ACPI: PM: Power Resource [P0SA] (off)
[    2.605389] ACPI: PM: Power Resource [P3SA] (off)
[    2.605755] ACPI: PM: Power Resource [P0SA] (off)
[    2.605774] ACPI: PM: Power Resource [P3SA] (off)
[    2.606900] ACPI: PM: Power Resource [P0SA] (off)
[    2.606919] ACPI: PM: Power Resource [P3SA] (off)
[    2.607299] ACPI: PM: Power Resource [P0SA] (off)
[    2.607318] ACPI: PM: Power Resource [P3SA] (off)
[    2.608646] ACPI: PM: Power Resource [P0SA] (off)
[    2.608666] ACPI: PM: Power Resource [P3SA] (off)
[    2.609031] ACPI: PM: Power Resource [P0SA] (off)
[    2.609053] ACPI: PM: Power Resource [P3SA] (off)
[    2.614639] ACPI: PM: Power Resource [P0SA] (off)
[    2.614660] ACPI: PM: Power Resource [P3SA] (off)
[    2.615042] ACPI: PM: Power Resource [P0SA] (off)
[    2.615062] ACPI: PM: Power Resource [P3SA] (off)
[    2.616214] ACPI: PM: Power Resource [P0SA] (off)
[    2.616234] ACPI: PM: Power Resource [P3SA] (off)
[    2.616614] ACPI: PM: Power Resource [P0SA] (off)
[    2.616638] ACPI: PM: Power Resource [P3SA] (off)
[    2.617765] ACPI: PM: Power Resource [P0SA] (off)
[    2.617795] ACPI: PM: Power Resource [P3SA] (off)
[    2.618180] ACPI: PM: Power Resource [P0SA] (off)
[    2.618200] ACPI: PM: Power Resource [P3SA] (off)
[    2.619338] ACPI: PM: Power Resource [P0SA] (off)
[    2.619361] ACPI: PM: Power Resource [P3SA] (off)
[    2.619751] ACPI: PM: Power Resource [P0SA] (off)
[    2.619773] ACPI: PM: Power Resource [P3SA] (off)
[    2.628633] ACPI: PCI Root Bridge [S0D0] (domain 0000 [bus 60-7f])
[    2.628639] acpi PNP0A08:00: _OSC: OS supports [ExtendedConfig ASPM ClockPM Segments MSI HPX-Type3]
[    2.628861] acpi PNP0A08:00: _OSC: platform does not support [AER LTR]
[    2.629072] acpi PNP0A08:00: _OSC: OS now controls [PCIeHotplug SHPCHotplug PME PCIeCapability]
[    2.629354] PCI host bridge to bus 0000:60
[    2.629357] pci_bus 0000:60: root bus resource [bus 60-7f]
[    2.629359] pci_bus 0000:60: root bus resource [io  0x03b0-0x03df window]
[    2.629557] pci_bus 0000:60: root bus resource [io  0x4000-0x4fff window]
[    2.629559] pci_bus 0000:60: root bus resource [mem 0x000a0000-0x000bffff window]
[    2.629560] pci_bus 0000:60: root bus resource [mem 0xbc000000-0xc36fffff window]
[    2.629562] pci_bus 0000:60: root bus resource [mem 0x10020200000-0x1b2ec1fffff window]
[    2.629576] pci 0000:60:00.0: [1022:1480] type 00 class 0x060000
[    2.629667] pci 0000:60:00.2: [1022:1481] type 00 class 0x080600
[    2.629757] pci 0000:60:01.0: [1022:1482] type 00 class 0x060000
[    2.629824] pci 0000:60:02.0: [1022:1482] type 00 class 0x060000
[    2.629894] pci 0000:60:03.0: [1022:1482] type 00 class 0x060000
[    2.629963] pci 0000:60:04.0: [1022:1482] type 00 class 0x060000
[    2.630038] pci 0000:60:05.0: [1022:1482] type 00 class 0x060000
[    2.630114] pci 0000:60:05.2: [1022:1483] type 01 class 0x060400
[    2.630194] pci 0000:60:05.2: PME# supported from D0 D3hot D3cold
[    2.630303] pci 0000:60:07.0: [1022:1482] type 00 class 0x060000
[    2.630382] pci 0000:60:07.1: [1022:1484] type 01 class 0x060400
[    2.630409] pci 0000:60:07.1: enabling Extended Tags
[    2.630451] pci 0000:60:07.1: PME# supported from D0 D3hot D3cold
[    2.630556] pci 0000:60:08.0: [1022:1482] type 00 class 0x060000
[    2.630634] pci 0000:60:08.1: [1022:1484] type 01 class 0x060400
[    2.630661] pci 0000:60:08.1: enabling Extended Tags
[    2.630706] pci 0000:60:08.1: PME# supported from D0 D3hot D3cold
[    2.630868] pci 0000:61:00.0: [1a03:1150] type 01 class 0x060400
[    2.630936] pci 0000:61:00.0: enabling Extended Tags
[    2.631015] pci 0000:61:00.0: supports D1 D2
[    2.631017] pci 0000:61:00.0: PME# supported from D0 D1 D2 D3hot D3cold
[    2.642609] pci 0000:60:05.2: PCI bridge to [bus 61-62]
[    2.642613] pci 0000:60:05.2:   bridge window [io  0x4000-0x4fff]
[    2.642616] pci 0000:60:05.2:   bridge window [mem 0xbc000000-0xc00fffff]
[    2.642668] pci_bus 0000:62: extended config space not accessible
[    2.642691] pci 0000:62:00.0: [1a03:2000] type 00 class 0x030000
[    2.642715] pci 0000:62:00.0: reg 0x10: [mem 0xbc000000-0xbfffffff]
[    2.642729] pci 0000:62:00.0: reg 0x14: [mem 0xc0000000-0xc001ffff]
[    2.642743] pci 0000:62:00.0: reg 0x18: [io  0x4000-0x407f]
[    2.642802] pci 0000:62:00.0: BAR 0: assigned to efifb
[    2.642812] pci 0000:62:00.0: Video device with shadowed ROM at [mem 0x000c0000-0x000dffff]
[    2.642857] pci 0000:62:00.0: supports D1 D2
[    2.642858] pci 0000:62:00.0: PME# supported from D0 D1 D2 D3hot D3cold
[    2.642963] pci 0000:61:00.0: PCI bridge to [bus 62]
[    2.642970] pci 0000:61:00.0:   bridge window [io  0x4000-0x4fff]
[    2.642974] pci 0000:61:00.0:   bridge window [mem 0xbc000000-0xc00fffff]
[    2.643045] pci 0000:63:00.0: [1022:148a] type 00 class 0x130000
[    2.643076] pci 0000:63:00.0: enabling Extended Tags
[    2.643184] pci 0000:63:00.2: [1022:1498] type 00 class 0x108000
[    2.643203] pci 0000:63:00.2: reg 0x18: [mem 0xc0300000-0xc037ffff]
[    2.643217] pci 0000:63:00.2: reg 0x24: [mem 0xc0380000-0xc0381fff]
[    2.643227] pci 0000:63:00.2: enabling Extended Tags
[    2.643342] pci 0000:60:07.1: PCI bridge to [bus 63]
[    2.643346] pci 0000:60:07.1:   bridge window [mem 0xc0300000-0xc03fffff]
[    2.643408] pci 0000:64:00.0: [1022:1485] type 00 class 0x130000
[    2.643442] pci 0000:64:00.0: enabling Extended Tags
[    2.643558] pci 0000:64:00.2: [1022:1498] type 00 class 0x108000
[    2.643579] pci 0000:64:00.2: reg 0x18: [mem 0xc0200000-0xc027ffff]
[    2.643595] pci 0000:64:00.2: reg 0x24: [mem 0xc0280000-0xc0281fff]
[    2.643605] pci 0000:64:00.2: enabling Extended Tags
[    2.643729] pci 0000:60:08.1: PCI bridge to [bus 64]
[    2.643734] pci 0000:60:08.1:   bridge window [mem 0xc0200000-0xc02fffff]
[    2.643752] pci_bus 0000:60: on NUMA node 0
[    2.644220] ACPI: PCI Root Bridge [S0D1] (domain 0000 [bus 40-5f])
[    2.644224] acpi PNP0A08:01: _OSC: OS supports [ExtendedConfig ASPM ClockPM Segments MSI HPX-Type3]
[    2.644442] acpi PNP0A08:01: _OSC: platform does not support [AER LTR]
[    2.644652] acpi PNP0A08:01: _OSC: OS now controls [PCIeHotplug SHPCHotplug PME PCIeCapability]
[    2.644864] PCI host bridge to bus 0000:40
[    2.644865] pci_bus 0000:40: root bus resource [bus 40-5f]
[    2.644867] pci_bus 0000:40: root bus resource [io  0x3000-0x3fff window]
[    2.644868] pci_bus 0000:40: root bus resource [mem 0xf4c00000-0xf4dfffff window]
[    2.644870] pci_bus 0000:40: root bus resource [mem 0x1dfc0200000-0x2928c1fffff window]
[    2.644880] pci 0000:40:00.0: [1022:1480] type 00 class 0x060000
[    2.644955] pci 0000:40:00.2: [1022:1481] type 00 class 0x080600
[    2.645043] pci 0000:40:01.0: [1022:1482] type 00 class 0x060000
[    2.645109] pci 0000:40:02.0: [1022:1482] type 00 class 0x060000
[    2.645182] pci 0000:40:03.0: [1022:1482] type 00 class 0x060000
[    2.645249] pci 0000:40:04.0: [1022:1482] type 00 class 0x060000
[    2.645318] pci 0000:40:05.0: [1022:1482] type 00 class 0x060000
[    2.645386] pci 0000:40:07.0: [1022:1482] type 00 class 0x060000
[    2.645455] pci 0000:40:07.1: [1022:1484] type 01 class 0x060400
[    2.645482] pci 0000:40:07.1: enabling Extended Tags
[    2.645527] pci 0000:40:07.1: PME# supported from D0 D3hot D3cold
[    2.645630] pci 0000:40:08.0: [1022:1482] type 00 class 0x060000
[    2.645703] pci 0000:40:08.1: [1022:1484] type 01 class 0x060400
[    2.645731] pci 0000:40:08.1: enabling Extended Tags
[    2.645776] pci 0000:40:08.1: PME# supported from D0 D3hot D3cold
[    2.645929] pci 0000:41:00.0: [1022:148a] type 00 class 0x130000
[    2.645961] pci 0000:41:00.0: enabling Extended Tags
[    2.646076] pci 0000:41:00.2: [1022:1498] type 00 class 0x108000
[    2.646096] pci 0000:41:00.2: reg 0x18: [mem 0xf4d00000-0xf4d7ffff]
[    2.646111] pci 0000:41:00.2: reg 0x24: [mem 0xf4d80000-0xf4d81fff]
[    2.646121] pci 0000:41:00.2: enabling Extended Tags
[    2.646238] pci 0000:40:07.1: PCI bridge to [bus 41]
[    2.646243] pci 0000:40:07.1:   bridge window [mem 0xf4d00000-0xf4dfffff]
[    2.646305] pci 0000:42:00.0: [1022:1485] type 00 class 0x130000
[    2.646340] pci 0000:42:00.0: enabling Extended Tags
[    2.646460] pci 0000:42:00.2: [1022:1498] type 00 class 0x108000
[    2.646481] pci 0000:42:00.2: reg 0x18: [mem 0xf4c00000-0xf4c7ffff]
[    2.646498] pci 0000:42:00.2: reg 0x24: [mem 0xf4c80000-0xf4c81fff]
[    2.646508] pci 0000:42:00.2: enabling Extended Tags
[    2.646631] pci 0000:40:08.1: PCI bridge to [bus 42]
[    2.646636] pci 0000:40:08.1:   bridge window [mem 0xf4c00000-0xf4cfffff]
[    2.646649] pci_bus 0000:40: on NUMA node 0
[    2.647099] ACPI: PCI Root Bridge [S0D2] (domain 0000 [bus 20-3f])
[    2.647103] acpi PNP0A08:02: _OSC: OS supports [ExtendedConfig ASPM ClockPM Segments MSI HPX-Type3]
[    2.647324] acpi PNP0A08:02: _OSC: platform does not support [AER LTR]
[    2.647536] acpi PNP0A08:02: _OSC: OS now controls [PCIeHotplug SHPCHotplug PME PCIeCapability]
[    2.647742] PCI host bridge to bus 0000:20
[    2.647744] pci_bus 0000:20: root bus resource [bus 20-3f]
[    2.647745] pci_bus 0000:20: root bus resource [io  0x2000-0x2fff window]
[    2.647747] pci_bus 0000:20: root bus resource [mem 0xf4800000-0xf4bfffff window]
[    2.647749] pci_bus 0000:20: root bus resource [mem 0x2bf60200000-0x3722c1fffff window]
[    2.647759] pci 0000:20:00.0: [1022:1480] type 00 class 0x060000
[    2.647838] pci 0000:20:00.2: [1022:1481] type 00 class 0x080600
[    2.647922] pci 0000:20:01.0: [1022:1482] type 00 class 0x060000
[    2.647988] pci 0000:20:02.0: [1022:1482] type 00 class 0x060000
[    2.648053] pci 0000:20:03.0: [1022:1482] type 00 class 0x060000
[    2.648124] pci 0000:20:04.0: [1022:1482] type 00 class 0x060000
[    2.648191] pci 0000:20:05.0: [1022:1482] type 00 class 0x060000
[    2.648256] pci 0000:20:07.0: [1022:1482] type 00 class 0x060000
[    2.648329] pci 0000:20:07.1: [1022:1484] type 01 class 0x060400
[    2.648357] pci 0000:20:07.1: enabling Extended Tags
[    2.648400] pci 0000:20:07.1: PME# supported from D0 D3hot D3cold
[    2.648495] pci 0000:20:08.0: [1022:1482] type 00 class 0x060000
[    2.648566] pci 0000:20:08.1: [1022:1484] type 01 class 0x060400
[    2.648593] pci 0000:20:08.1: enabling Extended Tags
[    2.648638] pci 0000:20:08.1: PME# supported from D0 D3hot D3cold
[    2.648786] pci 0000:21:00.0: [1022:148a] type 00 class 0x130000
[    2.648817] pci 0000:21:00.0: enabling Extended Tags
[    2.648922] pci 0000:21:00.2: [1022:1498] type 00 class 0x108000
[    2.648941] pci 0000:21:00.2: reg 0x18: [mem 0xf4b00000-0xf4b7ffff]
[    2.648956] pci 0000:21:00.2: reg 0x24: [mem 0xf4b80000-0xf4b81fff]
[    2.648966] pci 0000:21:00.2: enabling Extended Tags
[    2.649077] pci 0000:20:07.1: PCI bridge to [bus 21]
[    2.649081] pci 0000:20:07.1:   bridge window [mem 0xf4b00000-0xf4bfffff]
[    2.649144] pci 0000:22:00.0: [1022:1485] type 00 class 0x130000
[    2.649178] pci 0000:22:00.0: enabling Extended Tags
[    2.649298] pci 0000:22:00.1: [1022:1486] type 00 class 0x108000
[    2.649319] pci 0000:22:00.1: reg 0x18: [mem 0xf4900000-0xf49fffff]
[    2.649336] pci 0000:22:00.1: reg 0x24: [mem 0xf4a82000-0xf4a83fff]
[    2.649346] pci 0000:22:00.1: enabling Extended Tags
[    2.649458] pci 0000:22:00.2: [1022:1498] type 00 class 0x108000
[    2.649478] pci 0000:22:00.2: reg 0x18: [mem 0xf4a00000-0xf4a7ffff]
[    2.649495] pci 0000:22:00.2: reg 0x24: [mem 0xf4a80000-0xf4a81fff]
[    2.649505] pci 0000:22:00.2: enabling Extended Tags
[    2.649614] pci 0000:22:00.3: [1022:148c] type 00 class 0x0c0330
[    2.649628] pci 0000:22:00.3: reg 0x10: [mem 0xf4800000-0xf48fffff 64bit]
[    2.649658] pci 0000:22:00.3: enabling Extended Tags
[    2.649702] pci 0000:22:00.3: PME# supported from D0 D3hot D3cold
[    2.649795] pci 0000:20:08.1: PCI bridge to [bus 22]
[    2.649800] pci 0000:20:08.1:   bridge window [mem 0xf4800000-0xf4afffff]
[    2.649813] pci_bus 0000:20: on NUMA node 0
[    2.650361] ACPI: PCI Root Bridge [PCI0] (domain 0000 [bus 00-1f])
[    2.650365] acpi PNP0A08:03: _OSC: OS supports [ExtendedConfig ASPM ClockPM Segments MSI HPX-Type3]
[    2.650583] acpi PNP0A08:03: _OSC: platform does not support [AER LTR]
[    2.650795] acpi PNP0A08:03: _OSC: OS now controls [PCIeHotplug SHPCHotplug PME PCIeCapability]
[    2.651098] PCI host bridge to bus 0000:00
[    2.651100] pci_bus 0000:00: root bus resource [bus 00-1f]
[    2.651101] pci_bus 0000:00: root bus resource [io  0x0000-0x02e7 window]
[    2.651102] pci_bus 0000:00: root bus resource [io  0x0300-0x03af window]
[    2.651103] pci_bus 0000:00: root bus resource [io  0x0400-0x0cf7 window]
[    2.651104] pci_bus 0000:00: root bus resource [io  0x1000-0x1fff window]
[    2.651105] pci_bus 0000:00: root bus resource [mem 0x000c0000-0x000dffff window]
[    2.651107] pci_bus 0000:00: root bus resource [mem 0xf6e00000-0xf70fffff window]
[    2.651108] pci_bus 0000:00: root bus resource [mem 0x39f00200000-0x451cc1fffff window]
[    2.651118] pci 0000:00:00.0: [1022:1480] type 00 class 0x060000
[    2.651199] pci 0000:00:00.2: [1022:1481] type 00 class 0x080600
[    2.651295] pci 0000:00:01.0: [1022:1482] type 00 class 0x060000
[    2.651376] pci 0000:00:01.1: [1022:1483] type 01 class 0x060400
[    2.651487] pci 0000:00:01.1: PME# supported from D0 D3hot D3cold
[    2.651596] pci 0000:00:02.0: [1022:1482] type 00 class 0x060000
[    2.651674] pci 0000:00:03.0: [1022:1482] type 00 class 0x060000
[    2.651750] pci 0000:00:04.0: [1022:1482] type 00 class 0x060000
[    2.651828] pci 0000:00:05.0: [1022:1482] type 00 class 0x060000
[    2.651905] pci 0000:00:07.0: [1022:1482] type 00 class 0x060000
[    2.651981] pci 0000:00:07.1: [1022:1484] type 01 class 0x060400
[    2.652009] pci 0000:00:07.1: enabling Extended Tags
[    2.652054] pci 0000:00:07.1: PME# supported from D0 D3hot D3cold
[    2.652160] pci 0000:00:08.0: [1022:1482] type 00 class 0x060000
[    2.652237] pci 0000:00:08.1: [1022:1484] type 01 class 0x060400
[    2.652265] pci 0000:00:08.1: enabling Extended Tags
[    2.652313] pci 0000:00:08.1: PME# supported from D0 D3hot D3cold
[    2.652439] pci 0000:00:14.0: [1022:790b] type 00 class 0x0c0500
[    2.652567] pci 0000:00:14.3: [1022:790e] type 00 class 0x060100
[    2.652700] pci 0000:00:18.0: [1022:1490] type 00 class 0x060000
[    2.652756] pci 0000:00:18.1: [1022:1491] type 00 class 0x060000
[    2.652807] pci 0000:00:18.2: [1022:1492] type 00 class 0x060000
[    2.652856] pci 0000:00:18.3: [1022:1493] type 00 class 0x060000
[    2.652907] pci 0000:00:18.4: [1022:1494] type 00 class 0x060000
[    2.652959] pci 0000:00:18.5: [1022:1495] type 00 class 0x060000
[    2.653013] pci 0000:00:18.6: [1022:1496] type 00 class 0x060000
[    2.653065] pci 0000:00:18.7: [1022:1497] type 00 class 0x060000
[    2.653115] pci 0000:00:19.0: [1022:1490] type 00 class 0x060000
[    2.653173] pci 0000:00:19.1: [1022:1491] type 00 class 0x060000
[    2.653231] pci 0000:00:19.2: [1022:1492] type 00 class 0x060000
[    2.653287] pci 0000:00:19.3: [1022:1493] type 00 class 0x060000
[    2.653345] pci 0000:00:19.4: [1022:1494] type 00 class 0x060000
[    2.653401] pci 0000:00:19.5: [1022:1495] type 00 class 0x060000
[    2.653462] pci 0000:00:19.6: [1022:1496] type 00 class 0x060000
[    2.653520] pci 0000:00:19.7: [1022:1497] type 00 class 0x060000
[    2.653634] pci 0000:00:01.1: PCI bridge to [bus 01]
[    2.653694] pci 0000:02:00.0: [1022:148a] type 00 class 0x130000
[    2.653726] pci 0000:02:00.0: enabling Extended Tags
[    2.653837] pci 0000:02:00.2: [1022:1498] type 00 class 0x108000
[    2.653857] pci 0000:02:00.2: reg 0x18: [mem 0xf7000000-0xf707ffff]
[    2.653872] pci 0000:02:00.2: reg 0x24: [mem 0xf7080000-0xf7081fff]
[    2.653882] pci 0000:02:00.2: enabling Extended Tags
[    2.653999] pci 0000:00:07.1: PCI bridge to [bus 02]
[    2.654004] pci 0000:00:07.1:   bridge window [mem 0xf7000000-0xf70fffff]
[    2.654068] pci 0000:03:00.0: [1022:1485] type 00 class 0x130000
[    2.654104] pci 0000:03:00.0: enabling Extended Tags
[    2.654227] pci 0000:03:00.2: [1022:1498] type 00 class 0x108000
[    2.654248] pci 0000:03:00.2: reg 0x18: [mem 0xf6f00000-0xf6f7ffff]
[    2.654265] pci 0000:03:00.2: reg 0x24: [mem 0xf6f80000-0xf6f81fff]
[    2.654276] pci 0000:03:00.2: enabling Extended Tags
[    2.654390] pci 0000:03:00.3: [1022:148c] type 00 class 0x0c0330
[    2.654404] pci 0000:03:00.3: reg 0x10: [mem 0xf6e00000-0xf6efffff 64bit]
[    2.654436] pci 0000:03:00.3: enabling Extended Tags
[    2.654481] pci 0000:03:00.3: PME# supported from D0 D3hot D3cold
[    2.654571] pci 0000:00:08.1: PCI bridge to [bus 03]
[    2.654576] pci 0000:00:08.1:   bridge window [mem 0xf6e00000-0xf6ffffff]
[    2.654597] pci_bus 0000:00: on NUMA node 0
[    2.656329] ACPI: PCI Root Bridge [S1D0] (domain 0000 [bus e0-ff])
[    2.656333] acpi PNP0A08:04: _OSC: OS supports [ExtendedConfig ASPM ClockPM Segments MSI HPX-Type3]
[    2.656552] acpi PNP0A08:04: _OSC: platform does not support [AER LTR]
[    2.656763] acpi PNP0A08:04: _OSC: OS now controls [PCIeHotplug SHPCHotplug PME PCIeCapability]
[    2.657003] PCI host bridge to bus 0000:e0
[    2.657004] pci_bus 0000:e0: root bus resource [bus e0-ff]
[    2.657006] pci_bus 0000:e0: root bus resource [io  0x8000-0xffff window]
[    2.657007] pci_bus 0000:e0: root bus resource [mem 0xb0000000-0xb97fffff window]
[    2.657009] pci_bus 0000:e0: root bus resource [mem 0x47ea0200000-0x5316c1fffff window]
[    2.657020] pci 0000:e0:00.0: [1022:1480] type 00 class 0x060000
[    2.657114] pci 0000:e0:00.2: [1022:1481] type 00 class 0x080600
[    2.657215] pci 0000:e0:01.0: [1022:1482] type 00 class 0x060000
[    2.657293] pci 0000:e0:02.0: [1022:1482] type 00 class 0x060000
[    2.657372] pci 0000:e0:03.0: [1022:1482] type 00 class 0x060000
[    2.657458] pci 0000:e0:03.1: [1022:1483] type 01 class 0x060400
[    2.657573] pci 0000:e0:03.1: PME# supported from D0 D3hot D3cold
[    2.657692] pci 0000:e0:03.2: [1022:1483] type 01 class 0x060400
[    2.657807] pci 0000:e0:03.2: PME# supported from D0 D3hot D3cold
[    2.657916] pci 0000:e0:03.3: [1022:1483] type 01 class 0x060400
[    2.658031] pci 0000:e0:03.3: PME# supported from D0 D3hot D3cold
[    2.658142] pci 0000:e0:03.4: [1022:1483] type 01 class 0x060400
[    2.658257] pci 0000:e0:03.4: PME# supported from D0 D3hot D3cold
[    2.658364] pci 0000:e0:04.0: [1022:1482] type 00 class 0x060000
[    2.658439] pci 0000:e0:05.0: [1022:1482] type 00 class 0x060000
[    2.658517] pci 0000:e0:07.0: [1022:1482] type 00 class 0x060000
[    2.658602] pci 0000:e0:07.1: [1022:1484] type 01 class 0x060400
[    2.658633] pci 0000:e0:07.1: enabling Extended Tags
[    2.658683] pci 0000:e0:07.1: PME# supported from D0 D3hot D3cold
[    2.658790] pci 0000:e0:08.0: [1022:1482] type 00 class 0x060000
[    2.658878] pci 0000:e0:08.1: [1022:1484] type 01 class 0x060400
[    2.658909] pci 0000:e0:08.1: enabling Extended Tags
[    2.658961] pci 0000:e0:08.1: PME# supported from D0 D3hot D3cold
[    2.659127] pci 0000:e0:03.1: PCI bridge to [bus e1]
[    2.659133] pci 0000:e0:03.1:   bridge window [mem 0xb6000000-0xb7ffffff]
[    2.659184] pci 0000:e0:03.2: PCI bridge to [bus e2]
[    2.659190] pci 0000:e0:03.2:   bridge window [mem 0xb4000000-0xb5ffffff]
[    2.659250] pci 0000:e0:03.3: PCI bridge to [bus e3]
[    2.659256] pci 0000:e0:03.3:   bridge window [mem 0xb2000000-0xb3ffffff]
[    2.659310] pci 0000:e0:03.4: PCI bridge to [bus e4]
[    2.659316] pci 0000:e0:03.4:   bridge window [mem 0xb0000000-0xb1ffffff]
[    2.659379] pci 0000:e5:00.0: [1022:148a] type 00 class 0x130000
[    2.659415] pci 0000:e5:00.0: enabling Extended Tags
[    2.659538] pci 0000:e5:00.2: [1022:1498] type 00 class 0x108000
[    2.659559] pci 0000:e5:00.2: reg 0x18: [mem 0xb8100000-0xb817ffff]
[    2.659576] pci 0000:e5:00.2: reg 0x24: [mem 0xb8180000-0xb8181fff]
[    2.659587] pci 0000:e5:00.2: enabling Extended Tags
[    2.659723] pci 0000:e0:07.1: PCI bridge to [bus e5]
[    2.659728] pci 0000:e0:07.1:   bridge window [mem 0xb8100000-0xb81fffff]
[    2.659799] pci 0000:e6:00.0: [1022:1485] type 00 class 0x130000
[    2.659837] pci 0000:e6:00.0: enabling Extended Tags
[    2.659971] pci 0000:e6:00.2: [1022:1498] type 00 class 0x108000
[    2.659994] pci 0000:e6:00.2: reg 0x18: [mem 0xb8000000-0xb807ffff]
[    2.660012] pci 0000:e6:00.2: reg 0x24: [mem 0xb8080000-0xb8081fff]
[    2.660024] pci 0000:e6:00.2: enabling Extended Tags
[    2.660159] pci 0000:e0:08.1: PCI bridge to [bus e6]
[    2.660164] pci 0000:e0:08.1:   bridge window [mem 0xb8000000-0xb80fffff]
[    2.660201] pci_bus 0000:e0: on NUMA node 1
[    2.660687] ACPI: PCI Root Bridge [S1D1] (domain 0000 [bus c0-df])
[    2.660690] acpi PNP0A08:05: _OSC: OS supports [ExtendedConfig ASPM ClockPM Segments MSI HPX-Type3]
[    2.660910] acpi PNP0A08:05: _OSC: platform does not support [AER LTR]
[    2.661119] acpi PNP0A08:05: _OSC: OS now controls [PCIeHotplug SHPCHotplug PME PCIeCapability]
[    2.661334] PCI host bridge to bus 0000:c0
[    2.661337] pci_bus 0000:c0: root bus resource [bus c0-df]
[    2.661338] pci_bus 0000:c0: root bus resource [io  0x7000-0x7fff window]
[    2.661340] pci_bus 0000:c0: root bus resource [mem 0xf2500000-0xf27fffff window]
[    2.661341] pci_bus 0000:c0: root bus resource [mem 0x55e40200000-0x6110c1fffff window]
[    2.661353] pci 0000:c0:00.0: [1022:1480] type 00 class 0x060000
[    2.661437] pci 0000:c0:00.2: [1022:1481] type 00 class 0x080600
[    2.661536] pci 0000:c0:01.0: [1022:1482] type 00 class 0x060000
[    2.661608] pci 0000:c0:02.0: [1022:1482] type 00 class 0x060000
[    2.661683] pci 0000:c0:03.0: [1022:1482] type 00 class 0x060000
[    2.661757] pci 0000:c0:04.0: [1022:1482] type 00 class 0x060000
[    2.661837] pci 0000:c0:05.0: [1022:1482] type 00 class 0x060000
[    2.661912] pci 0000:c0:07.0: [1022:1482] type 00 class 0x060000
[    2.661989] pci 0000:c0:07.1: [1022:1484] type 01 class 0x060400
[    2.662021] pci 0000:c0:07.1: enabling Extended Tags
[    2.662073] pci 0000:c0:07.1: PME# supported from D0 D3hot D3cold
[    2.662183] pci 0000:c0:08.0: [1022:1482] type 00 class 0x060000
[    2.662266] pci 0000:c0:08.1: [1022:1484] type 01 class 0x060400
[    2.662299] pci 0000:c0:08.1: enabling Extended Tags
[    2.662352] pci 0000:c0:08.1: PME# supported from D0 D3hot D3cold
[    2.662464] pci 0000:c0:08.3: [1022:1484] type 01 class 0x060400
[    2.662496] pci 0000:c0:08.3: enabling Extended Tags
[    2.662550] pci 0000:c0:08.3: PME# supported from D0 D3hot D3cold
[    2.662721] pci 0000:c1:00.0: [1022:148a] type 00 class 0x130000
[    2.662757] pci 0000:c1:00.0: enabling Extended Tags
[    2.662880] pci 0000:c1:00.2: [1022:1498] type 00 class 0x108000
[    2.662902] pci 0000:c1:00.2: reg 0x18: [mem 0xf2700000-0xf277ffff]
[    2.662919] pci 0000:c1:00.2: reg 0x24: [mem 0xf2780000-0xf2781fff]
[    2.662930] pci 0000:c1:00.2: enabling Extended Tags
[    2.663072] pci 0000:c0:07.1: PCI bridge to [bus c1]
[    2.663078] pci 0000:c0:07.1:   bridge window [mem 0xf2700000-0xf27fffff]
[    2.663150] pci 0000:c2:00.0: [1022:1485] type 00 class 0x130000
[    2.663190] pci 0000:c2:00.0: enabling Extended Tags
[    2.663323] pci 0000:c2:00.2: [1022:1498] type 00 class 0x108000
[    2.663347] pci 0000:c2:00.2: reg 0x18: [mem 0xf2600000-0xf267ffff]
[    2.663366] pci 0000:c2:00.2: reg 0x24: [mem 0xf2680000-0xf2681fff]
[    2.663378] pci 0000:c2:00.2: enabling Extended Tags
[    2.663515] pci 0000:c0:08.1: PCI bridge to [bus c2]
[    2.663521] pci 0000:c0:08.1:   bridge window [mem 0xf2600000-0xf26fffff]
[    2.663578] pci 0000:c3:00.0: [1022:7901] type 00 class 0x010601
[    2.663620] pci 0000:c3:00.0: reg 0x24: [mem 0xf2500000-0xf25007ff]
[    2.663631] pci 0000:c3:00.0: enabling Extended Tags
[    2.663696] pci 0000:c3:00.0: PME# supported from D3hot D3cold
[    2.663794] pci 0000:c0:08.3: PCI bridge to [bus c3]
[    2.663800] pci 0000:c0:08.3:   bridge window [mem 0xf2500000-0xf25fffff]
[    2.663820] pci_bus 0000:c0: on NUMA node 1
[    2.664298] ACPI: PCI Root Bridge [S1D2] (domain 0000 [bus a0-bf])
[    2.664302] acpi PNP0A08:06: _OSC: OS supports [ExtendedConfig ASPM ClockPM Segments MSI HPX-Type3]
[    2.664529] acpi PNP0A08:06: _OSC: platform does not support [AER LTR]
[    2.664739] acpi PNP0A08:06: _OSC: OS now controls [PCIeHotplug SHPCHotplug PME PCIeCapability]
[    2.664953] PCI host bridge to bus 0000:a0
[    2.664955] pci_bus 0000:a0: root bus resource [bus a0-bf]
[    2.664956] pci_bus 0000:a0: root bus resource [io  0x6000-0x6fff window]
[    2.664958] pci_bus 0000:a0: root bus resource [mem 0xf2200000-0xf24fffff window]
[    2.664959] pci_bus 0000:a0: root bus resource [mem 0x63de0200000-0x6f0ac1fffff window]
[    2.664970] pci 0000:a0:00.0: [1022:1480] type 00 class 0x060000
[    2.665051] pci 0000:a0:00.2: [1022:1481] type 00 class 0x080600
[    2.665147] pci 0000:a0:01.0: [1022:1482] type 00 class 0x060000
[    2.665220] pci 0000:a0:02.0: [1022:1482] type 00 class 0x060000
[    2.665291] pci 0000:a0:03.0: [1022:1482] type 00 class 0x060000
[    2.665372] pci 0000:a0:04.0: [1022:1482] type 00 class 0x060000
[    2.665442] pci 0000:a0:05.0: [1022:1482] type 00 class 0x060000
[    2.665514] pci 0000:a0:07.0: [1022:1482] type 00 class 0x060000
[    2.665591] pci 0000:a0:07.1: [1022:1484] type 01 class 0x060400
[    2.665622] pci 0000:a0:07.1: enabling Extended Tags
[    2.665672] pci 0000:a0:07.1: PME# supported from D0 D3hot D3cold
[    2.665775] pci 0000:a0:08.0: [1022:1482] type 00 class 0x060000
[    2.665853] pci 0000:a0:08.1: [1022:1484] type 01 class 0x060400
[    2.665884] pci 0000:a0:08.1: enabling Extended Tags
[    2.665936] pci 0000:a0:08.1: PME# supported from D0 D3hot D3cold
[    2.666104] pci 0000:a1:00.0: [1022:148a] type 00 class 0x130000
[    2.666139] pci 0000:a1:00.0: enabling Extended Tags
[    2.666264] pci 0000:a1:00.2: [1022:1498] type 00 class 0x108000
[    2.666286] pci 0000:a1:00.2: reg 0x18: [mem 0xf2400000-0xf247ffff]
[    2.666303] pci 0000:a1:00.2: reg 0x24: [mem 0xf2480000-0xf2481fff]
[    2.666314] pci 0000:a1:00.2: enabling Extended Tags
[    2.666438] pci 0000:a0:07.1: PCI bridge to [bus a1]
[    2.666443] pci 0000:a0:07.1:   bridge window [mem 0xf2400000-0xf24fffff]
[    2.666513] pci 0000:a2:00.0: [1022:1485] type 00 class 0x130000
[    2.666551] pci 0000:a2:00.0: enabling Extended Tags
[    2.666682] pci 0000:a2:00.1: [1022:1486] type 00 class 0x108000
[    2.666705] pci 0000:a2:00.1: reg 0x18: [mem 0xf2200000-0xf22fffff]
[    2.666723] pci 0000:a2:00.1: reg 0x24: [mem 0xf2382000-0xf2383fff]
[    2.666735] pci 0000:a2:00.1: enabling Extended Tags
[    2.666857] pci 0000:a2:00.2: [1022:1498] type 00 class 0x108000
[    2.666880] pci 0000:a2:00.2: reg 0x18: [mem 0xf2300000-0xf237ffff]
[    2.666898] pci 0000:a2:00.2: reg 0x24: [mem 0xf2380000-0xf2381fff]
[    2.666910] pci 0000:a2:00.2: enabling Extended Tags
[    2.667045] pci 0000:a0:08.1: PCI bridge to [bus a2]
[    2.667050] pci 0000:a0:08.1:   bridge window [mem 0xf2200000-0xf23fffff]
[    2.667065] pci_bus 0000:a0: on NUMA node 1
[    2.667554] ACPI: PCI Root Bridge [S1D3] (domain 0000 [bus 80-9f])
[    2.667558] acpi PNP0A08:07: _OSC: OS supports [ExtendedConfig ASPM ClockPM Segments MSI HPX-Type3]
[    2.667781] acpi PNP0A08:07: _OSC: platform does not support [AER LTR]
[    2.667991] acpi PNP0A08:07: _OSC: OS now controls [PCIeHotplug SHPCHotplug PME PCIeCapability]
[    2.668209] PCI host bridge to bus 0000:80
[    2.668211] pci_bus 0000:80: root bus resource [bus 80-9f]
[    2.668212] pci_bus 0000:80: root bus resource [io  0x5000-0x5fff window]
[    2.668214] pci_bus 0000:80: root bus resource [mem 0xf0000000-0xf01fffff window]
[    2.668215] pci_bus 0000:80: root bus resource [mem 0x71d80200000-0x7d04c1fffff window]
[    2.668227] pci 0000:80:00.0: [1022:1480] type 00 class 0x060000
[    2.668314] pci 0000:80:00.2: [1022:1481] type 00 class 0x080600
[    2.668415] pci 0000:80:01.0: [1022:1482] type 00 class 0x060000
[    2.668492] pci 0000:80:02.0: [1022:1482] type 00 class 0x060000
[    2.668572] pci 0000:80:03.0: [1022:1482] type 00 class 0x060000
[    2.668654] pci 0000:80:04.0: [1022:1482] type 00 class 0x060000
[    2.668733] pci 0000:80:05.0: [1022:1482] type 00 class 0x060000
[    2.668812] pci 0000:80:07.0: [1022:1482] type 00 class 0x060000
[    2.668888] pci 0000:80:07.1: [1022:1484] type 01 class 0x060400
[    2.668919] pci 0000:80:07.1: enabling Extended Tags
[    2.668971] pci 0000:80:07.1: PME# supported from D0 D3hot D3cold
[    2.669082] pci 0000:80:08.0: [1022:1482] type 00 class 0x060000
[    2.669159] pci 0000:80:08.1: [1022:1484] type 01 class 0x060400
[    2.669191] pci 0000:80:08.1: enabling Extended Tags
[    2.669244] pci 0000:80:08.1: PME# supported from D0 D3hot D3cold
[    2.669437] pci 0000:81:00.0: [1022:148a] type 00 class 0x130000
[    2.669474] pci 0000:81:00.0: enabling Extended Tags
[    2.669597] pci 0000:81:00.2: [1022:1498] type 00 class 0x108000
[    2.669619] pci 0000:81:00.2: reg 0x18: [mem 0xf0100000-0xf017ffff]
[    2.669637] pci 0000:81:00.2: reg 0x24: [mem 0xf0180000-0xf0181fff]
[    2.669648] pci 0000:81:00.2: enabling Extended Tags
[    2.669778] pci 0000:80:07.1: PCI bridge to [bus 81]
[    2.669784] pci 0000:80:07.1:   bridge window [mem 0xf0100000-0xf01fffff]
[    2.669853] pci 0000:82:00.0: [1022:1485] type 00 class 0x130000
[    2.669892] pci 0000:82:00.0: enabling Extended Tags
[    2.670025] pci 0000:82:00.2: [1022:1498] type 00 class 0x108000
[    2.670049] pci 0000:82:00.2: reg 0x18: [mem 0xf0000000-0xf007ffff]
[    2.670067] pci 0000:82:00.2: reg 0x24: [mem 0xf0080000-0xf0081fff]
[    2.670079] pci 0000:82:00.2: enabling Extended Tags
[    2.670215] pci 0000:80:08.1: PCI bridge to [bus 82]
[    2.670221] pci 0000:80:08.1:   bridge window [mem 0xf0000000-0xf00fffff]
[    2.670236] pci_bus 0000:80: on NUMA node 1
[    2.670652] ACPI: PCI: Interrupt link LNKA configured for IRQ 0
[    2.670707] ACPI: PCI: Interrupt link LNKB configured for IRQ 0
[    2.670753] ACPI: PCI: Interrupt link LNKC configured for IRQ 11
[    2.670811] ACPI: PCI: Interrupt link LNKD configured for IRQ 0
[    2.670863] ACPI: PCI: Interrupt link LNKE configured for IRQ 0
[    2.670905] ACPI: PCI: Interrupt link LNKF configured for IRQ 11
[    2.670948] ACPI: PCI: Interrupt link LNKG configured for IRQ 10
[    2.670990] ACPI: PCI: Interrupt link LNKH configured for IRQ 5
[    2.676229] iommu: Default domain type: Translated 
[    2.676229] SCSI subsystem initialized
[    2.678665] libata version 3.00 loaded.
[    2.678665] pci 0000:62:00.0: vgaarb: setting as boot VGA device
[    2.678665] pci 0000:62:00.0: vgaarb: VGA device added: decodes=io+mem,owns=io+mem,locks=none
[    2.678665] pci 0000:62:00.0: vgaarb: bridge control possible
[    2.678665] vgaarb: loaded
[    2.678665] ACPI: bus type USB registered
[    2.678665] usbcore: registered new interface driver usbfs
[    2.678665] usbcore: registered new interface driver hub
[    2.678798] usbcore: registered new device driver usb
[    2.724065] pps_core: LinuxPPS API ver. 1 registered
[    2.724068] pps_core: Software ver. 5.3.6 - Copyright 2005-2007 Rodolfo Giometti <giometti@linux.it>
[    2.724070] PTP clock support registered
[    2.724283] EDAC MC: Ver: 3.0.0
[    2.726659] Registered efivars operations
[    2.726855] NetLabel: Initializing
[    2.726856] NetLabel:  domain hash size = 128
[    2.726857] NetLabel:  protocols = UNLABELED CIPSOv4 CALIPSO
[    2.726871] NetLabel:  unlabeled traffic allowed by default
[    2.726881] PCI: Using ACPI for IRQ routing
[    2.729680] PCI: pci_cache_line_size set to 64 bytes
[    2.729919] e820: reserve RAM buffer [mem 0x76d00000-0x77ffffff]
[    2.729921] e820: reserve RAM buffer [mem 0x9f439018-0x9fffffff]
[    2.729922] e820: reserve RAM buffer [mem 0xa1d99000-0xa3ffffff]
[    2.729923] e820: reserve RAM buffer [mem 0xa60a8000-0xa7ffffff]
[    2.729924] e820: reserve RAM buffer [mem 0x204f000000-0x204fffffff]
[    2.729926] e820: reserve RAM buffer [mem 0x404fc00000-0x404fffffff]
[    2.730664] hpet0: at MMIO 0xfed00000, IRQs 2, 8, 0
[    2.730667] hpet0: 3 comparators, 32-bit 14.318180 MHz counter
[    2.734749] clocksource: Switched to clocksource tsc-early
[    2.745955] VFS: Disk quotas dquot_6.6.0
[    2.746052] VFS: Dquot-cache hash table entries: 512 (order 0, 4096 bytes)
[    2.746308] AppArmor: AppArmor Filesystem Enabled
[    2.749861] pnp: PnP ACPI init
[    2.751244] system 00:00: [mem 0xe0000000-0xefffffff] has been reserved
[    2.751253] system 00:00: Plug and Play ACPI device, IDs PNP0c01 (active)
[    2.751595] pnp 00:01: Plug and Play ACPI device, IDs PNP0b00 (active)
[    2.751874] system 00:02: [io  0x04d0-0x04d1] has been reserved
[    2.751877] system 00:02: [io  0x040b] has been reserved
[    2.751878] system 00:02: [io  0x04d6] has been reserved
[    2.751879] system 00:02: [io  0x0c00-0x0c01] has been reserved
[    2.751881] system 00:02: [io  0x0c14] has been reserved
[    2.751882] system 00:02: [io  0x0c50-0x0c51] has been reserved
[    2.751884] system 00:02: [io  0x0c52] has been reserved
[    2.751885] system 00:02: [io  0x0c6c] has been reserved
[    2.751886] system 00:02: [io  0x0c6f] has been reserved
[    2.751888] system 00:02: [io  0x0cd0-0x0cd1] has been reserved
[    2.751889] system 00:02: [io  0x0cd2-0x0cd3] has been reserved
[    2.751890] system 00:02: [io  0x0cd4-0x0cd5] has been reserved
[    2.751892] system 00:02: [io  0x0cd6-0x0cd7] has been reserved
[    2.751893] system 00:02: [io  0x0cd8-0x0cdf] has been reserved
[    2.751894] system 00:02: [io  0x0800-0x089f] has been reserved
[    2.751895] system 00:02: [io  0x0b00-0x0b0f] has been reserved
[    2.751896] system 00:02: [io  0x0b20-0x0b3f] has been reserved
[    2.751898] system 00:02: [io  0x0900-0x090f] has been reserved
[    2.751899] system 00:02: [io  0x0910-0x091f] has been reserved
[    2.751901] system 00:02: [io  0xfe00-0xfefe] has been reserved
[    2.751903] system 00:02: [mem 0xfedc0000-0xfedc0fff] has been reserved
[    2.751904] system 00:02: [mem 0xfee00000-0xfee00fff] has been reserved
[    2.751906] system 00:02: [mem 0xfed80000-0xfed814ff] has been reserved
[    2.751907] system 00:02: [mem 0xfed81900-0xfed8ffff] has been reserved
[    2.751908] system 00:02: [mem 0xfec10000-0xfec10fff] has been reserved
[    2.751909] system 00:02: [mem 0xff000000-0xffffffff] has been reserved
[    2.751913] system 00:02: Plug and Play ACPI device, IDs PNP0c02 (active)
[    2.752204] pnp 00:03: Plug and Play ACPI device, IDs PNP0501 (active)
[    2.752270] pnp 00:04: Plug and Play ACPI device, IDs PNP0501 (active)
[    2.754900] pnp: PnP ACPI: found 5 devices
[    2.760732] clocksource: acpi_pm: mask: 0xffffff max_cycles: 0xffffff, max_idle_ns: 2085701024 ns
[    2.760907] NET: Registered protocol family 2
[    2.761097] IP idents hash table entries: 262144 (order: 9, 2097152 bytes, vmalloc)
[    2.762917] tcp_listen_portaddr_hash hash table entries: 65536 (order: 8, 1048576 bytes, vmalloc)
[    2.763305] TCP established hash table entries: 524288 (order: 10, 4194304 bytes, vmalloc)
[    2.763866] TCP bind hash table entries: 65536 (order: 8, 1048576 bytes, vmalloc)
[    2.763945] TCP: Hash tables configured (established 524288 bind 65536)
[    2.764445] MPTCP token hash table entries: 65536 (order: 8, 1572864 bytes, vmalloc)
[    2.764714] UDP hash table entries: 65536 (order: 9, 2097152 bytes, vmalloc)
[    2.765029] UDP-Lite hash table entries: 65536 (order: 9, 2097152 bytes, vmalloc)
[    2.765461] NET: Registered protocol family 1
[    2.765464] NET: Registered protocol family 44
[    2.765506] pci 0000:61:00.0: PCI bridge to [bus 62]
[    2.765511] pci 0000:61:00.0:   bridge window [io  0x4000-0x4fff]
[    2.765517] pci 0000:61:00.0:   bridge window [mem 0xbc000000-0xc00fffff]
[    2.765527] pci 0000:60:05.2: PCI bridge to [bus 61-62]
[    2.765529] pci 0000:60:05.2:   bridge window [io  0x4000-0x4fff]
[    2.765532] pci 0000:60:05.2:   bridge window [mem 0xbc000000-0xc00fffff]
[    2.765538] pci 0000:60:07.1: PCI bridge to [bus 63]
[    2.765540] pci 0000:60:07.1:   bridge window [mem 0xc0300000-0xc03fffff]
[    2.765545] pci 0000:60:08.1: PCI bridge to [bus 64]
[    2.765548] pci 0000:60:08.1:   bridge window [mem 0xc0200000-0xc02fffff]
[    2.765554] pci_bus 0000:60: resource 4 [io  0x03b0-0x03df window]
[    2.765555] pci_bus 0000:60: resource 5 [io  0x4000-0x4fff window]
[    2.765556] pci_bus 0000:60: resource 6 [mem 0x000a0000-0x000bffff window]
[    2.765558] pci_bus 0000:60: resource 7 [mem 0xbc000000-0xc36fffff window]
[    2.765559] pci_bus 0000:60: resource 8 [mem 0x10020200000-0x1b2ec1fffff window]
[    2.765560] pci_bus 0000:61: resource 0 [io  0x4000-0x4fff]
[    2.765561] pci_bus 0000:61: resource 1 [mem 0xbc000000-0xc00fffff]
[    2.765562] pci_bus 0000:62: resource 0 [io  0x4000-0x4fff]
[    2.765563] pci_bus 0000:62: resource 1 [mem 0xbc000000-0xc00fffff]
[    2.765564] pci_bus 0000:63: resource 1 [mem 0xc0300000-0xc03fffff]
[    2.765565] pci_bus 0000:64: resource 1 [mem 0xc0200000-0xc02fffff]
[    2.765597] pci 0000:40:07.1: PCI bridge to [bus 41]
[    2.765601] pci 0000:40:07.1:   bridge window [mem 0xf4d00000-0xf4dfffff]
[    2.765606] pci 0000:40:08.1: PCI bridge to [bus 42]
[    2.765609] pci 0000:40:08.1:   bridge window [mem 0xf4c00000-0xf4cfffff]
[    2.765614] pci_bus 0000:40: resource 4 [io  0x3000-0x3fff window]
[    2.765615] pci_bus 0000:40: resource 5 [mem 0xf4c00000-0xf4dfffff window]
[    2.765616] pci_bus 0000:40: resource 6 [mem 0x1dfc0200000-0x2928c1fffff window]
[    2.765618] pci_bus 0000:41: resource 1 [mem 0xf4d00000-0xf4dfffff]
[    2.765619] pci_bus 0000:42: resource 1 [mem 0xf4c00000-0xf4cfffff]
[    2.765643] pci 0000:20:07.1: PCI bridge to [bus 21]
[    2.765647] pci 0000:20:07.1:   bridge window [mem 0xf4b00000-0xf4bfffff]
[    2.765652] pci 0000:20:08.1: PCI bridge to [bus 22]
[    2.765655] pci 0000:20:08.1:   bridge window [mem 0xf4800000-0xf4afffff]
[    2.765660] pci_bus 0000:20: resource 4 [io  0x2000-0x2fff window]
[    2.765661] pci_bus 0000:20: resource 5 [mem 0xf4800000-0xf4bfffff window]
[    2.765663] pci_bus 0000:20: resource 6 [mem 0x2bf60200000-0x3722c1fffff window]
[    2.765664] pci_bus 0000:21: resource 1 [mem 0xf4b00000-0xf4bfffff]
[    2.765666] pci_bus 0000:22: resource 1 [mem 0xf4800000-0xf4afffff]
[    2.765690] pci 0000:00:01.1: bridge window [io  0x1000-0x0fff] to [bus 01] add_size 1000
[    2.765692] pci 0000:00:01.1: bridge window [mem 0x00100000-0x000fffff 64bit pref] to [bus 01] add_size 200000 add_align 100000
[    2.765694] pci 0000:00:01.1: bridge window [mem 0x00100000-0x000fffff] to [bus 01] add_size 200000 add_align 100000
[    2.765700] pci 0000:00:01.1: BAR 14: no space for [mem size 0x00200000]
[    2.765701] pci 0000:00:01.1: BAR 14: failed to assign [mem size 0x00200000]
[    2.765704] pci 0000:00:01.1: BAR 15: assigned [mem 0x39f00200000-0x39f003fffff 64bit pref]
[    2.765707] pci 0000:00:01.1: BAR 13: assigned [io  0x1000-0x1fff]
[    2.765709] pci 0000:00:01.1: BAR 14: no space for [mem size 0x00200000]
[    2.765710] pci 0000:00:01.1: BAR 14: failed to assign [mem size 0x00200000]
[    2.765712] pci 0000:00:01.1: BAR 15: assigned [mem 0x39f00200000-0x39f003fffff 64bit pref]
[    2.765713] pci 0000:00:01.1: PCI bridge to [bus 01]
[    2.765715] pci 0000:00:01.1:   bridge window [io  0x1000-0x1fff]
[    2.765720] pci 0000:00:01.1:   bridge window [mem 0x39f00200000-0x39f003fffff 64bit pref]
[    2.765725] pci 0000:00:07.1: PCI bridge to [bus 02]
[    2.765728] pci 0000:00:07.1:   bridge window [mem 0xf7000000-0xf70fffff]
[    2.765733] pci 0000:00:08.1: PCI bridge to [bus 03]
[    2.765736] pci 0000:00:08.1:   bridge window [mem 0xf6e00000-0xf6ffffff]
[    2.765743] pci_bus 0000:00: resource 4 [io  0x0000-0x02e7 window]
[    2.765744] pci_bus 0000:00: resource 5 [io  0x0300-0x03af window]
[    2.765745] pci_bus 0000:00: resource 6 [io  0x0400-0x0cf7 window]
[    2.765746] pci_bus 0000:00: resource 7 [io  0x1000-0x1fff window]
[    2.765747] pci_bus 0000:00: resource 8 [mem 0x000c0000-0x000dffff window]
[    2.765748] pci_bus 0000:00: resource 9 [mem 0xf6e00000-0xf70fffff window]
[    2.765749] pci_bus 0000:00: resource 10 [mem 0x39f00200000-0x451cc1fffff window]
[    2.765750] pci_bus 0000:01: resource 0 [io  0x1000-0x1fff]
[    2.765751] pci_bus 0000:01: resource 2 [mem 0x39f00200000-0x39f003fffff 64bit pref]
[    2.765753] pci_bus 0000:02: resource 1 [mem 0xf7000000-0xf70fffff]
[    2.765755] pci_bus 0000:03: resource 1 [mem 0xf6e00000-0xf6ffffff]
[    2.765785] pci 0000:e0:03.1: bridge window [io  0x1000-0x0fff] to [bus e1] add_size 1000
[    2.765787] pci 0000:e0:03.1: bridge window [mem 0x00100000-0x000fffff 64bit pref] to [bus e1] add_size 200000 add_align 100000
[    2.765789] pci 0000:e0:03.2: bridge window [io  0x1000-0x0fff] to [bus e2] add_size 1000
[    2.765791] pci 0000:e0:03.2: bridge window [mem 0x00100000-0x000fffff 64bit pref] to [bus e2] add_size 200000 add_align 100000
[    2.765792] pci 0000:e0:03.3: bridge window [io  0x1000-0x0fff] to [bus e3] add_size 1000
[    2.765794] pci 0000:e0:03.3: bridge window [mem 0x00100000-0x000fffff 64bit pref] to [bus e3] add_size 200000 add_align 100000
[    2.765796] pci 0000:e0:03.4: bridge window [io  0x1000-0x0fff] to [bus e4] add_size 1000
[    2.765797] pci 0000:e0:03.4: bridge window [mem 0x00100000-0x000fffff 64bit pref] to [bus e4] add_size 200000 add_align 100000
[    2.765803] pci 0000:e0:03.1: BAR 15: assigned [mem 0x47ea0200000-0x47ea03fffff 64bit pref]
[    2.765805] pci 0000:e0:03.2: BAR 15: assigned [mem 0x47ea0400000-0x47ea05fffff 64bit pref]
[    2.765807] pci 0000:e0:03.3: BAR 15: assigned [mem 0x47ea0600000-0x47ea07fffff 64bit pref]
[    2.765808] pci 0000:e0:03.4: BAR 15: assigned [mem 0x47ea0800000-0x47ea09fffff 64bit pref]
[    2.765810] pci 0000:e0:03.1: BAR 13: assigned [io  0x8000-0x8fff]
[    2.765811] pci 0000:e0:03.2: BAR 13: assigned [io  0x9000-0x9fff]
[    2.765812] pci 0000:e0:03.3: BAR 13: assigned [io  0xa000-0xafff]
[    2.765813] pci 0000:e0:03.4: BAR 13: assigned [io  0xb000-0xbfff]
[    2.765815] pci 0000:e0:03.1: PCI bridge to [bus e1]
[    2.765817] pci 0000:e0:03.1:   bridge window [io  0x8000-0x8fff]
[    2.765820] pci 0000:e0:03.1:   bridge window [mem 0xb6000000-0xb7ffffff]
[    2.765822] pci 0000:e0:03.1:   bridge window [mem 0x47ea0200000-0x47ea03fffff 64bit pref]
[    2.765827] pci 0000:e0:03.2: PCI bridge to [bus e2]
[    2.765828] pci 0000:e0:03.2:   bridge window [io  0x9000-0x9fff]
[    2.765831] pci 0000:e0:03.2:   bridge window [mem 0xb4000000-0xb5ffffff]
[    2.765834] pci 0000:e0:03.2:   bridge window [mem 0x47ea0400000-0x47ea05fffff 64bit pref]
[    2.765838] pci 0000:e0:03.3: PCI bridge to [bus e3]
[    2.765839] pci 0000:e0:03.3:   bridge window [io  0xa000-0xafff]
[    2.765843] pci 0000:e0:03.3:   bridge window [mem 0xb2000000-0xb3ffffff]
[    2.765845] pci 0000:e0:03.3:   bridge window [mem 0x47ea0600000-0x47ea07fffff 64bit pref]
[    2.765849] pci 0000:e0:03.4: PCI bridge to [bus e4]
[    2.765851] pci 0000:e0:03.4:   bridge window [io  0xb000-0xbfff]
[    2.765854] pci 0000:e0:03.4:   bridge window [mem 0xb0000000-0xb1ffffff]
[    2.765856] pci 0000:e0:03.4:   bridge window [mem 0x47ea0800000-0x47ea09fffff 64bit pref]
[    2.765862] pci 0000:e0:07.1: PCI bridge to [bus e5]
[    2.765864] pci 0000:e0:07.1:   bridge window [mem 0xb8100000-0xb81fffff]
[    2.765870] pci 0000:e0:08.1: PCI bridge to [bus e6]
[    2.765873] pci 0000:e0:08.1:   bridge window [mem 0xb8000000-0xb80fffff]
[    2.765878] pci_bus 0000:e0: resource 4 [io  0x8000-0xffff window]
[    2.765879] pci_bus 0000:e0: resource 5 [mem 0xb0000000-0xb97fffff window]
[    2.765880] pci_bus 0000:e0: resource 6 [mem 0x47ea0200000-0x5316c1fffff window]
[    2.765882] pci_bus 0000:e1: resource 0 [io  0x8000-0x8fff]
[    2.765883] pci_bus 0000:e1: resource 1 [mem 0xb6000000-0xb7ffffff]
[    2.765884] pci_bus 0000:e1: resource 2 [mem 0x47ea0200000-0x47ea03fffff 64bit pref]
[    2.765885] pci_bus 0000:e2: resource 0 [io  0x9000-0x9fff]
[    2.765886] pci_bus 0000:e2: resource 1 [mem 0xb4000000-0xb5ffffff]
[    2.765887] pci_bus 0000:e2: resource 2 [mem 0x47ea0400000-0x47ea05fffff 64bit pref]
[    2.765888] pci_bus 0000:e3: resource 0 [io  0xa000-0xafff]
[    2.765889] pci_bus 0000:e3: resource 1 [mem 0xb2000000-0xb3ffffff]
[    2.765890] pci_bus 0000:e3: resource 2 [mem 0x47ea0600000-0x47ea07fffff 64bit pref]
[    2.765891] pci_bus 0000:e4: resource 0 [io  0xb000-0xbfff]
[    2.765892] pci_bus 0000:e4: resource 1 [mem 0xb0000000-0xb1ffffff]
[    2.765893] pci_bus 0000:e4: resource 2 [mem 0x47ea0800000-0x47ea09fffff 64bit pref]
[    2.765895] pci_bus 0000:e5: resource 1 [mem 0xb8100000-0xb81fffff]
[    2.765896] pci_bus 0000:e6: resource 1 [mem 0xb8000000-0xb80fffff]
[    2.765930] pci 0000:c0:07.1: PCI bridge to [bus c1]
[    2.765933] pci 0000:c0:07.1:   bridge window [mem 0xf2700000-0xf27fffff]
[    2.765939] pci 0000:c0:08.1: PCI bridge to [bus c2]
[    2.765942] pci 0000:c0:08.1:   bridge window [mem 0xf2600000-0xf26fffff]
[    2.765948] pci 0000:c0:08.3: PCI bridge to [bus c3]
[    2.765951] pci 0000:c0:08.3:   bridge window [mem 0xf2500000-0xf25fffff]
[    2.765956] pci_bus 0000:c0: resource 4 [io  0x7000-0x7fff window]
[    2.765957] pci_bus 0000:c0: resource 5 [mem 0xf2500000-0xf27fffff window]
[    2.765958] pci_bus 0000:c0: resource 6 [mem 0x55e40200000-0x6110c1fffff window]
[    2.765960] pci_bus 0000:c1: resource 1 [mem 0xf2700000-0xf27fffff]
[    2.765961] pci_bus 0000:c2: resource 1 [mem 0xf2600000-0xf26fffff]
[    2.765962] pci_bus 0000:c3: resource 1 [mem 0xf2500000-0xf25fffff]
[    2.765989] pci 0000:a0:07.1: PCI bridge to [bus a1]
[    2.765992] pci 0000:a0:07.1:   bridge window [mem 0xf2400000-0xf24fffff]
[    2.765998] pci 0000:a0:08.1: PCI bridge to [bus a2]
[    2.766001] pci 0000:a0:08.1:   bridge window [mem 0xf2200000-0xf23fffff]
[    2.766006] pci_bus 0000:a0: resource 4 [io  0x6000-0x6fff window]
[    2.766007] pci_bus 0000:a0: resource 5 [mem 0xf2200000-0xf24fffff window]
[    2.766008] pci_bus 0000:a0: resource 6 [mem 0x63de0200000-0x6f0ac1fffff window]
[    2.766009] pci_bus 0000:a1: resource 1 [mem 0xf2400000-0xf24fffff]
[    2.766010] pci_bus 0000:a2: resource 1 [mem 0xf2200000-0xf23fffff]
[    2.766040] pci 0000:80:07.1: PCI bridge to [bus 81]
[    2.766044] pci 0000:80:07.1:   bridge window [mem 0xf0100000-0xf01fffff]
[    2.766049] pci 0000:80:08.1: PCI bridge to [bus 82]
[    2.766052] pci 0000:80:08.1:   bridge window [mem 0xf0000000-0xf00fffff]
[    2.766058] pci_bus 0000:80: resource 4 [io  0x5000-0x5fff window]
[    2.766059] pci_bus 0000:80: resource 5 [mem 0xf0000000-0xf01fffff window]
[    2.766060] pci_bus 0000:80: resource 6 [mem 0x71d80200000-0x7d04c1fffff window]
[    2.766061] pci_bus 0000:81: resource 1 [mem 0xf0100000-0xf01fffff]
[    2.766063] pci_bus 0000:82: resource 1 [mem 0xf0000000-0xf00fffff]
[    2.766669] PCI: CLS 64 bytes, default 64
[    2.766688] pci 0000:60:00.2: AMD-Vi: IOMMU performance counters supported
[    2.766712] pci 0000:40:00.2: AMD-Vi: IOMMU performance counters supported
[    2.766725] Trying to unpack rootfs image as initramfs...
[    2.766728] pci 0000:20:00.2: AMD-Vi: IOMMU performance counters supported
[    2.766745] pci 0000:00:00.2: AMD-Vi: IOMMU performance counters supported
[    2.766766] pci 0000:e0:00.2: AMD-Vi: IOMMU performance counters supported
[    2.766790] pci 0000:c0:00.2: AMD-Vi: IOMMU performance counters supported
[    2.766812] pci 0000:a0:00.2: AMD-Vi: IOMMU performance counters supported
[    2.766836] pci 0000:80:00.2: AMD-Vi: IOMMU performance counters supported
[    2.766849] AMD-Vi: Lazy IO/TLB flushing enabled
[    2.766879] pci 0000:60:01.0: Adding to iommu group 0
[    2.766905] pci 0000:60:02.0: Adding to iommu group 1
[    2.766930] pci 0000:60:03.0: Adding to iommu group 2
[    2.766956] pci 0000:60:04.0: Adding to iommu group 3
[    2.766991] pci 0000:60:05.0: Adding to iommu group 4
[    2.767005] pci 0000:60:05.2: Adding to iommu group 4
[    2.767032] pci 0000:60:07.0: Adding to iommu group 5
[    2.767049] pci 0000:60:07.1: Adding to iommu group 6
[    2.767078] pci 0000:60:08.0: Adding to iommu group 7
[    2.767094] pci 0000:60:08.1: Adding to iommu group 8
[    2.767098] pci 0000:61:00.0: Adding to iommu group 4
[    2.767103] pci 0000:62:00.0: Adding to iommu group 4
[    2.767121] pci 0000:63:00.0: Adding to iommu group 9
[    2.767139] pci 0000:63:00.2: Adding to iommu group 10
[    2.767157] pci 0000:64:00.0: Adding to iommu group 11
[    2.767175] pci 0000:64:00.2: Adding to iommu group 12
[    2.767201] pci 0000:40:01.0: Adding to iommu group 13
[    2.767226] pci 0000:40:02.0: Adding to iommu group 14
[    2.767252] pci 0000:40:03.0: Adding to iommu group 15
[    2.767277] pci 0000:40:04.0: Adding to iommu group 16
[    2.767302] pci 0000:40:05.0: Adding to iommu group 17
[    2.767333] pci 0000:40:07.0: Adding to iommu group 18
[    2.767350] pci 0000:40:07.1: Adding to iommu group 19
[    2.767380] pci 0000:40:08.0: Adding to iommu group 20
[    2.767397] pci 0000:40:08.1: Adding to iommu group 21
[    2.767414] pci 0000:41:00.0: Adding to iommu group 22
[    2.767432] pci 0000:41:00.2: Adding to iommu group 23
[    2.767451] pci 0000:42:00.0: Adding to iommu group 24
[    2.767469] pci 0000:42:00.2: Adding to iommu group 25
[    2.767500] pci 0000:20:01.0: Adding to iommu group 26
[    2.767525] pci 0000:20:02.0: Adding to iommu group 27
[    2.767551] pci 0000:20:03.0: Adding to iommu group 28
[    2.767577] pci 0000:20:04.0: Adding to iommu group 29
[    2.767601] pci 0000:20:05.0: Adding to iommu group 30
[    2.767627] pci 0000:20:07.0: Adding to iommu group 31
[    2.767642] pci 0000:20:07.1: Adding to iommu group 32
[    2.767668] pci 0000:20:08.0: Adding to iommu group 33
[    2.767685] pci 0000:20:08.1: Adding to iommu group 34
[    2.767702] pci 0000:21:00.0: Adding to iommu group 35
[    2.767719] pci 0000:21:00.2: Adding to iommu group 36
[    2.767737] pci 0000:22:00.0: Adding to iommu group 37
[    2.767754] pci 0000:22:00.1: Adding to iommu group 38
[    2.767771] pci 0000:22:00.2: Adding to iommu group 39
[    2.767787] pci 0000:22:00.3: Adding to iommu group 40
[    2.767823] pci 0000:00:01.0: Adding to iommu group 41
[    2.767843] pci 0000:00:01.1: Adding to iommu group 41
[    2.767867] pci 0000:00:02.0: Adding to iommu group 42
[    2.767893] pci 0000:00:03.0: Adding to iommu group 43
[    2.767918] pci 0000:00:04.0: Adding to iommu group 44
[    2.767942] pci 0000:00:05.0: Adding to iommu group 45
[    2.767968] pci 0000:00:07.0: Adding to iommu group 46
[    2.767984] pci 0000:00:07.1: Adding to iommu group 47
[    2.768010] pci 0000:00:08.0: Adding to iommu group 48
[    2.768027] pci 0000:00:08.1: Adding to iommu group 49
[    2.768061] pci 0000:00:14.0: Adding to iommu group 50
[    2.768080] pci 0000:00:14.3: Adding to iommu group 50
[    2.768175] pci 0000:00:18.0: Adding to iommu group 51
[    2.768192] pci 0000:00:18.1: Adding to iommu group 51
[    2.768210] pci 0000:00:18.2: Adding to iommu group 51
[    2.768228] pci 0000:00:18.3: Adding to iommu group 51
[    2.768245] pci 0000:00:18.4: Adding to iommu group 51
[    2.768263] pci 0000:00:18.5: Adding to iommu group 51
[    2.768281] pci 0000:00:18.6: Adding to iommu group 51
[    2.768299] pci 0000:00:18.7: Adding to iommu group 51
[    2.768392] pci 0000:00:19.0: Adding to iommu group 52
[    2.768410] pci 0000:00:19.1: Adding to iommu group 52
[    2.768430] pci 0000:00:19.2: Adding to iommu group 52
[    2.768448] pci 0000:00:19.3: Adding to iommu group 52
[    2.768466] pci 0000:00:19.4: Adding to iommu group 52
[    2.768484] pci 0000:00:19.5: Adding to iommu group 52
[    2.768502] pci 0000:00:19.6: Adding to iommu group 52
[    2.768521] pci 0000:00:19.7: Adding to iommu group 52
[    2.768538] pci 0000:02:00.0: Adding to iommu group 53
[    2.768557] pci 0000:02:00.2: Adding to iommu group 54
[    2.768574] pci 0000:03:00.0: Adding to iommu group 55
[    2.768591] pci 0000:03:00.2: Adding to iommu group 56
[    2.768609] pci 0000:03:00.3: Adding to iommu group 57
[    2.768637] pci 0000:e0:01.0: Adding to iommu group 58
[    2.768662] pci 0000:e0:02.0: Adding to iommu group 59
[    2.768733] pci 0000:e0:03.0: Adding to iommu group 60
[    2.768755] pci 0000:e0:03.1: Adding to iommu group 60
[    2.768777] pci 0000:e0:03.2: Adding to iommu group 60
[    2.768800] pci 0000:e0:03.3: Adding to iommu group 60
[    2.768822] pci 0000:e0:03.4: Adding to iommu group 60
[    2.768847] pci 0000:e0:04.0: Adding to iommu group 61
[    2.768873] pci 0000:e0:05.0: Adding to iommu group 62
[    2.768900] pci 0000:e0:07.0: Adding to iommu group 63
[    2.768919] pci 0000:e0:07.1: Adding to iommu group 64
[    2.768946] pci 0000:e0:08.0: Adding to iommu group 65
[    2.768963] pci 0000:e0:08.1: Adding to iommu group 66
[    2.768981] pci 0000:e5:00.0: Adding to iommu group 67
[    2.769000] pci 0000:e5:00.2: Adding to iommu group 68
[    2.769018] pci 0000:e6:00.0: Adding to iommu group 69
[    2.769037] pci 0000:e6:00.2: Adding to iommu group 70
[    2.769066] pci 0000:c0:01.0: Adding to iommu group 71
[    2.769095] pci 0000:c0:02.0: Adding to iommu group 72
[    2.769121] pci 0000:c0:03.0: Adding to iommu group 73
[    2.769147] pci 0000:c0:04.0: Adding to iommu group 74
[    2.769174] pci 0000:c0:05.0: Adding to iommu group 75
[    2.769201] pci 0000:c0:07.0: Adding to iommu group 76
[    2.769218] pci 0000:c0:07.1: Adding to iommu group 77
[    2.769247] pci 0000:c0:08.0: Adding to iommu group 78
[    2.769265] pci 0000:c0:08.1: Adding to iommu group 79
[    2.769284] pci 0000:c0:08.3: Adding to iommu group 80
[    2.769304] pci 0000:c1:00.0: Adding to iommu group 81
[    2.769322] pci 0000:c1:00.2: Adding to iommu group 82
[    2.769341] pci 0000:c2:00.0: Adding to iommu group 83
[    2.769360] pci 0000:c2:00.2: Adding to iommu group 84
[    2.769377] pci 0000:c3:00.0: Adding to iommu group 85
[    2.769402] pci 0000:a0:01.0: Adding to iommu group 86
[    2.769433] pci 0000:a0:02.0: Adding to iommu group 87
[    2.769459] pci 0000:a0:03.0: Adding to iommu group 88
[    2.769484] pci 0000:a0:04.0: Adding to iommu group 89
[    2.769508] pci 0000:a0:05.0: Adding to iommu group 90
[    2.769534] pci 0000:a0:07.0: Adding to iommu group 91
[    2.769551] pci 0000:a0:07.1: Adding to iommu group 92
[    2.769577] pci 0000:a0:08.0: Adding to iommu group 93
[    2.769593] pci 0000:a0:08.1: Adding to iommu group 94
[    2.769610] pci 0000:a1:00.0: Adding to iommu group 95
[    2.769629] pci 0000:a1:00.2: Adding to iommu group 96
[    2.769647] pci 0000:a2:00.0: Adding to iommu group 97
[    2.769664] pci 0000:a2:00.1: Adding to iommu group 98
[    2.769682] pci 0000:a2:00.2: Adding to iommu group 99
[    2.769707] pci 0000:80:01.0: Adding to iommu group 100
[    2.769732] pci 0000:80:02.0: Adding to iommu group 101
[    2.769757] pci 0000:80:03.0: Adding to iommu group 102
